Archive member included to satisfy reference by file (symbol)

/home/v_v/opt/atollic/ARMTools/bin/../lib/gcc/arm-atollic-eabi/6.3.1/../../../../arm-atollic-eabi/lib/armv7e-m/fpu/libc_nano.a(lib_a-init.o)
                              CMSIS/Device/ST/STM32F30x/Source/Templates/TrueSTUDIO/startup_stm32f302x8.o (__libc_init_array)

Memory Configuration

Name             Origin             Length             Attributes
FLASH            0x0000000008000000 0x0000000000010000 xr
RAM              0x0000000020000000 0x0000000000004000 xrw
MEMORY_B1        0x0000000060000000 0x0000000000000000 xr
CCMRAM           0x0000000010000000 0x0000000000002000 rw
*default*        0x0000000000000000 0xffffffffffffffff

Linker script and memory map

LOAD /home/v_v/opt/atollic/ARMTools/bin/../lib/gcc/arm-atollic-eabi/6.3.1/armv7e-m/fpu/crti.o
LOAD /home/v_v/opt/atollic/ARMTools/bin/../lib/gcc/arm-atollic-eabi/6.3.1/armv7e-m/fpu/crtbegin.o
LOAD CMSIS/Device/ST/STM32F30x/Source/Templates/TrueSTUDIO/startup_stm32f302x8.o
LOAD CMSIS/Device/ST/STM32F30x/Source/system_stm32f30x.o
LOAD STM32F30x_StdPeriph_Driver/src/stm32f30x_dac.o
LOAD STM32F30x_StdPeriph_Driver/src/stm32f30x_exti.o
LOAD STM32F30x_StdPeriph_Driver/src/stm32f30x_flash.o
LOAD STM32F30x_StdPeriph_Driver/src/stm32f30x_fmc.o
LOAD STM32F30x_StdPeriph_Driver/src/stm32f30x_gpio.o
LOAD STM32F30x_StdPeriph_Driver/src/stm32f30x_hrtim.o
LOAD STM32F30x_StdPeriph_Driver/src/stm32f30x_iwdg.o
LOAD STM32F30x_StdPeriph_Driver/src/stm32f30x_misc.o
LOAD STM32F30x_StdPeriph_Driver/src/stm32f30x_opamp.o
LOAD STM32F30x_StdPeriph_Driver/src/stm32f30x_pwr.o
LOAD STM32F30x_StdPeriph_Driver/src/stm32f30x_rcc.o
LOAD STM32F30x_StdPeriph_Driver/src/stm32f30x_syscfg.o
LOAD STM32F30x_StdPeriph_Driver/src/stm32f30x_tim.o
LOAD STM32F30x_StdPeriph_Driver/src/stm32f30x_wwdg.o
LOAD src/main.o
                0x0000000000000080                malloc_getpagesize_P = 0x80
START GROUP
LOAD /home/v_v/opt/atollic/ARMTools/bin/../lib/gcc/arm-atollic-eabi/6.3.1/../../../../arm-atollic-eabi/lib/armv7e-m/fpu/libc_nano.a
LOAD /home/v_v/opt/atollic/ARMTools/bin/../lib/gcc/arm-atollic-eabi/6.3.1/../../../../arm-atollic-eabi/lib/armv7e-m/fpu/libm.a
END GROUP
START GROUP
LOAD /home/v_v/opt/atollic/ARMTools/bin/../lib/gcc/arm-atollic-eabi/6.3.1/armv7e-m/fpu/libgcc.a
LOAD /home/v_v/opt/atollic/ARMTools/bin/../lib/gcc/arm-atollic-eabi/6.3.1/../../../../arm-atollic-eabi/lib/armv7e-m/fpu/libc_nano.a
END GROUP
START GROUP
LOAD /home/v_v/opt/atollic/ARMTools/bin/../lib/gcc/arm-atollic-eabi/6.3.1/armv7e-m/fpu/libgcc.a
LOAD /home/v_v/opt/atollic/ARMTools/bin/../lib/gcc/arm-atollic-eabi/6.3.1/../../../../arm-atollic-eabi/lib/armv7e-m/fpu/libc_nano.a
LOAD /home/v_v/opt/atollic/ARMTools/bin/../lib/gcc/arm-atollic-eabi/6.3.1/../../../../arm-atollic-eabi/lib/armv7e-m/fpu/libnosys.a
END GROUP
START GROUP
LOAD /home/v_v/opt/atollic/ARMTools/bin/../lib/gcc/arm-atollic-eabi/6.3.1/armv7e-m/fpu/libgcc.a
LOAD /home/v_v/opt/atollic/ARMTools/bin/../lib/gcc/arm-atollic-eabi/6.3.1/../../../../arm-atollic-eabi/lib/armv7e-m/fpu/libc_nano.a
LOAD /home/v_v/opt/atollic/ARMTools/bin/../lib/gcc/arm-atollic-eabi/6.3.1/../../../../arm-atollic-eabi/lib/armv7e-m/fpu/libnosys.a
END GROUP
LOAD /home/v_v/opt/atollic/ARMTools/bin/../lib/gcc/arm-atollic-eabi/6.3.1/armv7e-m/fpu/crtend.o
LOAD /home/v_v/opt/atollic/ARMTools/bin/../lib/gcc/arm-atollic-eabi/6.3.1/armv7e-m/fpu/crtn.o
                0x0000000020004000                _estack = 0x20004000
                0x0000000000000000                _Min_Heap_Size = 0x0
                0x0000000000000080                _Min_Stack_Size = 0x80

.isr_vector     0x0000000008000000      0x188
                0x0000000008000000                . = ALIGN (0x4)
 *(.isr_vector)
 .isr_vector    0x0000000008000000      0x188 CMSIS/Device/ST/STM32F30x/Source/Templates/TrueSTUDIO/startup_stm32f302x8.o
                0x0000000008000000                g_pfnVectors
                0x0000000008000188                . = ALIGN (0x4)

.text           0x0000000008000188     0x8ca0
                0x0000000008000188                . = ALIGN (0x4)
 *(.text)
 .text          0x0000000008000188        0x0 /home/v_v/opt/atollic/ARMTools/bin/../lib/gcc/arm-atollic-eabi/6.3.1/armv7e-m/fpu/crti.o
 .text          0x0000000008000188       0x40 /home/v_v/opt/atollic/ARMTools/bin/../lib/gcc/arm-atollic-eabi/6.3.1/armv7e-m/fpu/crtbegin.o
 .text          0x00000000080001c8       0x14 CMSIS/Device/ST/STM32F30x/Source/Templates/TrueSTUDIO/startup_stm32f302x8.o
 .text          0x00000000080001dc      0x250 CMSIS/Device/ST/STM32F30x/Source/system_stm32f30x.o
                0x00000000080001dc                SystemInit
                0x0000000008000270                SystemCoreClockUpdate
 .text          0x000000000800042c      0x444 STM32F30x_StdPeriph_Driver/src/stm32f30x_dac.o
                0x000000000800042c                DAC_DeInit
                0x0000000008000474                DAC_Init
                0x00000000080004d8                DAC_StructInit
                0x0000000008000504                DAC_Cmd
                0x000000000800054c                DAC_SoftwareTriggerCmd
                0x0000000008000598                DAC_DualSoftwareTriggerCmd
                0x00000000080005d0                DAC_WaveGenerationCmd
                0x0000000008000618                DAC_SetChannel1Data
                0x000000000800064c                DAC_SetChannel2Data
                0x0000000008000680                DAC_SetDualChannelData
                0x00000000080006da                DAC_GetDataOutputValue
                0x000000000800070a                DAC_DMACmd
                0x0000000008000756                DAC_ITConfig
                0x000000000800079e                DAC_GetFlagStatus
                0x00000000080007d8                DAC_ClearFlag
                0x00000000080007fa                DAC_GetITStatus
                0x000000000800084e                DAC_ClearITPendingBit
 .text          0x0000000008000870      0x3bc STM32F30x_StdPeriph_Driver/src/stm32f30x_exti.o
                0x0000000008000870                EXTI_DeInit
                0x00000000080008d0                EXTI_Init
                0x0000000008000ac8                EXTI_StructInit
                0x0000000008000af4                EXTI_GenerateSWInterrupt
                0x0000000008000b34                EXTI_GetFlagStatus
                0x0000000008000b7c                EXTI_ClearFlag
                0x0000000008000bb0                EXTI_GetITStatus
                0x0000000008000bf8                EXTI_ClearITPendingBit
 .text          0x0000000008000c2c      0xa10 STM32F30x_StdPeriph_Driver/src/stm32f30x_flash.o
                0x0000000008000c2c                FLASH_SetLatency
                0x0000000008000c64                FLASH_HalfCycleAccessCmd
                0x0000000008000ca0                FLASH_PrefetchBufferCmd
                0x0000000008000cdc                FLASH_Unlock
                0x0000000008000d10                FLASH_Lock
                0x0000000008000d30                FLASH_ErasePage
                0x0000000008000d94                FLASH_EraseAllPages
                0x0000000008000df0                FLASH_ProgramWord
                0x0000000008000e80                FLASH_ProgramHalfWord
                0x0000000008000edc                FLASH_OB_Unlock
                0x0000000008000f10                FLASH_OB_Lock
                0x0000000008000f30                FLASH_OB_Launch
                0x0000000008000f50                FLASH_OB_Erase
                0x000000000800100c                FLASH_OB_EnableWRP
                0x0000000008001110                FLASH_OB_RDPConfig
                0x00000000080011c0                FLASH_OB_UserConfig
                0x0000000008001254                FLASH_OB_BOOTConfig
                0x00000000080012d4                FLASH_OB_VDDAConfig
                0x0000000008001354                FLASH_OB_SRAMParityConfig
                0x00000000080013c0                FLASH_OB_WriteUser
                0x0000000008001440                FLASH_ProgramOptionByteData
                0x00000000080014a4                FLASH_OB_GetUser
                0x00000000080014c0                FLASH_OB_GetWRP
                0x00000000080014d8                FLASH_OB_GetRDP
                0x000000000800150c                FLASH_ITConfig
                0x000000000800154c                FLASH_GetFlagStatus
                0x0000000008001580                FLASH_ClearFlag
                0x00000000080015a0                FLASH_GetStatus
                0x00000000080015f8                FLASH_WaitForLastOperation
 .text          0x000000000800163c      0x974 STM32F30x_StdPeriph_Driver/src/stm32f30x_fmc.o
                0x000000000800163c                FMC_NORSRAMDeInit
                0x0000000008001694                FMC_NORSRAMInit
                0x00000000080017d4                FMC_NORSRAMStructInit
                0x00000000080018aa                FMC_NORSRAMCmd
                0x0000000008001900                FMC_NANDDeInit
                0x000000000800195c                FMC_NANDInit
                0x0000000008001a2c                FMC_NANDStructInit
                0x0000000008001aaa                FMC_NANDCmd
                0x0000000008001b18                FMC_NANDECCCmd
                0x0000000008001b84                FMC_GetECC
                0x0000000008001bbc                FMC_PCCARDDeInit
                0x0000000008001bf4                FMC_PCCARDInit
                0x0000000008001ca0                FMC_PCCARDStructInit
                0x0000000008001d26                FMC_PCCARDCmd
                0x0000000008001d64                FMC_ITConfig
                0x0000000008001e04                FMC_GetFlagStatus
                0x0000000008001e6c                FMC_ClearFlag
                0x0000000008001ecc                FMC_GetITStatus
                0x0000000008001f4c                FMC_ClearITPendingBit
 .text          0x0000000008001fb0      0x488 STM32F30x_StdPeriph_Driver/src/stm32f30x_gpio.o
                0x0000000008001fb0                GPIO_DeInit
                0x00000000080020cc                GPIO_Init
                0x00000000080021fe                GPIO_StructInit
                0x0000000008002232                GPIO_PinLockConfig
                0x0000000008002276                GPIO_ReadInputDataBit
                0x00000000080022ae                GPIO_ReadInputData
                0x00000000080022c8                GPIO_ReadOutputDataBit
                0x0000000008002300                GPIO_ReadOutputData
                0x000000000800231a                GPIO_SetBits
                0x0000000008002338                GPIO_ResetBits
                0x0000000008002356                GPIO_WriteBit
                0x0000000008002386                GPIO_Write
                0x00000000080023a4                GPIO_PinAFConfig
 .text          0x0000000008002438     0x2bb4 STM32F30x_StdPeriph_Driver/src/stm32f30x_hrtim.o
                0x0000000008002438                HRTIM_SimpleBase_Init
                0x0000000008002466                HRTIM_SimpleOC_Init
                0x0000000008002484                HRTIM_SimplePWM_Init
                0x00000000080024a2                HRTIM_SimpleCapture_Init
                0x00000000080024c0                HRTIM_SimpleOnePulse_Init
                0x00000000080024de                HRTIM_Waveform_Init
                0x0000000008002520                HRTIM_DLLCalibrationStart
                0x0000000008002574                HRTIM_SimpleBaseStart
                0x00000000080025a0                HRTIM_SimpleBaseStop
                0x00000000080026a8                HRTIM_SimpleOCStart
                0x00000000080026e8                HRTIM_SimpleOCStop
                0x0000000008002804                HRTIM_SimplePWMStart
                0x0000000008002844                HRTIM_SimplePWMStop
                0x0000000008002960                HRTIM_SimpleCaptureStart
                0x0000000008002990                HRTIM_SimpleCaptureStop
                0x0000000008002ae8                HRTIM_SimpleOnePulseStart
                0x0000000008002b28                HRTIM_SimpleOnePulseStop
                0x0000000008002c44                HRTIM_WaveformCounterStart
                0x0000000008002c66                HRTIM_WaveformCounterStop
                0x0000000008002c8a                HRTIM_WaveformOutputStart
                0x0000000008002ca8                HRTIM_WaveformOutputStop
                0x0000000008002cc6                HRTIM_ITConfig
                0x0000000008002d54                HRTIM_ITCommonConfig
                0x0000000008002d98                HRTIM_ClearFlag
                0x0000000008002de8                HRTIM_ClearCommonFlag
                0x0000000008002e0e                HRTIM_ClearITPendingBit
                0x0000000008002e5e                HRTIM_ClearCommonITPendingBit
                0x0000000008002e84                HRTIM_GetFlagStatus
                0x0000000008002ee8                HRTIM_GetCommonFlagStatus
                0x0000000008002f1c                HRTIM_GetITStatus
                0x0000000008002fc8                HRTIM_GetCommonITStatus
                0x0000000008003022                HRTIM_DMACmd
                0x00000000080030b0                HRTIM_SimpleOCChannelConfig
                0x00000000080031b2                HRTIM_SimplePWMChannelConfig
                0x0000000008003274                HRTIM_SimpleCaptureChannelConfig
                0x00000000080032c2                HRTIM_SimpleOnePulseChannelConfig
                0x00000000080033bc                HRTIM_WaveformTimerConfig
                0x00000000080034cc                HRTIM_WaveformCompareConfig
                0x0000000008003644                HRTIM_MasterSetCompare
                0x00000000080036ae                HRTIM_SlaveSetCompare
                0x000000000800373a                HRTIM_WaveformCaptureConfig
                0x0000000008003784                HRTIM_WaveformOutputConfig
                0x00000000080037a6                HRTIM_TimerEventFilteringConfig
                0x0000000008003a5c                HRTIM_DeadTimeConfig
                0x0000000008003afc                HRTIM_ChopperModeConfig
                0x0000000008003b5e                HRTIM_BurstDMAConfig
                0x0000000008003bda                HRTIM_SynchronizationConfig
                0x0000000008003c32                HRTIM_BurstModeConfig
                0x0000000008003cbe                HRTIM_EventConfig
                0x0000000008003cdc                HRTIM_EventPrescalerConfig
                0x0000000008003d12                HRTIM_FaultConfig
                0x0000000008003eb0                HRTIM_FaultPrescalerConfig
                0x0000000008003ee6                HRTIM_FaultModeCtl
                0x0000000008003fce                HRTIM_ADCTriggerConfig
                0x00000000080040a2                HRTIM_BurstModeCtl
                0x00000000080040d8                HRTIM_SoftwareCapture
                0x0000000008004138                HRTIM_SoftwareUpdate
                0x000000000800415e                HRTIM_SoftwareReset
                0x0000000008004184                HRTIM_WaveformSetOutputLevel
                0x0000000008004264                HRTIM_GetCapturedValue
                0x00000000080042ae                HRTIM_WaveformGetOutputLevel
                0x0000000008004352                HRTIM_WaveformGetOutputState
                0x0000000008004422                HRTIM_GetDelayedProtectionStatus
                0x00000000080044c6                HRTIM_GetBurstStatus
                0x00000000080044e8                HRTIM_GetCurrentPushPullStatus
                0x0000000008004514                HRTIM_GetIdlePushPullStatus
 .text          0x0000000008004fec       0xf0 STM32F30x_StdPeriph_Driver/src/stm32f30x_iwdg.o
                0x0000000008004fec                IWDG_WriteAccessCmd
                0x000000000800500c                IWDG_SetPrescaler
                0x000000000800502c                IWDG_SetReload
                0x000000000800504c                IWDG_ReloadCounter
                0x0000000008005068                IWDG_SetWindowValue
                0x0000000008005088                IWDG_Enable
                0x00000000080050a4                IWDG_GetFlagStatus
 .text          0x00000000080050dc      0x198 STM32F30x_StdPeriph_Driver/src/stm32f30x_misc.o
                0x00000000080050dc                NVIC_PriorityGroupConfig
                0x0000000008005104                NVIC_Init
                0x00000000080051cc                NVIC_SetVectorTable
                0x00000000080051f8                NVIC_SystemLPConfig
                0x000000000800523c                SysTick_CLKSourceConfig
 .text          0x0000000008005274      0x408 STM32F30x_StdPeriph_Driver/src/stm32f30x_opamp.o
                0x0000000008005274                OPAMP_DeInit
                0x0000000008005298                OPAMP_Init
                0x00000000080052e4                OPAMP_StructInit
                0x0000000008005304                OPAMP_PGAConfig
                0x0000000008005350                OPAMP_VrefConfig
                0x0000000008005394                OPAMP_VrefConnectNonInvertingInput
                0x00000000080053e4                OPAMP_VrefConnectADCCmd
                0x0000000008005434                OPAMP_TimerControlledMuxConfig
                0x0000000008005484                OPAMP_TimerControlledMuxCmd
                0x00000000080054d4                OPAMP_Cmd
                0x0000000008005524                OPAMP_GetOutputLevel
                0x0000000008005560                OPAMP_OffsetTrimModeSelect
                0x00000000080055a8                OPAMP_OffsetTrimConfig
                0x00000000080055fc                OPAMP_StartCalibration
                0x000000000800564c                OPAMP_LockConfig
 .text          0x000000000800567c      0x1fc STM32F30x_StdPeriph_Driver/src/stm32f30x_pwr.o
                0x000000000800567c                PWR_DeInit
                0x0000000008005698                PWR_BackupAccessCmd
                0x00000000080056b8                PWR_PVDLevelConfig
                0x00000000080056f0                PWR_PVDCmd
                0x0000000008005710                PWR_WakeUpPinCmd
                0x0000000008005750                PWR_EnterSleepMode
                0x0000000008005788                PWR_EnterSTOPMode
                0x00000000080057ec                PWR_EnterSTANDBYMode
                0x000000000800581c                PWR_GetFlagStatus
                0x0000000008005850                PWR_ClearFlag
 .text          0x0000000008005878      0xedc STM32F30x_StdPeriph_Driver/src/stm32f30x_rcc.o
                0x0000000008005878                RCC_DeInit
                0x00000000080058f4                RCC_HSEConfig
                0x000000000800591c                RCC_WaitForHSEStartUp
                0x000000000800596c                RCC_AdjustHSICalibrationValue
                0x00000000080059a8                RCC_HSICmd
                0x00000000080059c8                RCC_LSEConfig
                0x0000000008005a04                RCC_LSEDriveConfig
                0x0000000008005a34                RCC_LSICmd
                0x0000000008005a54                RCC_PLLConfig
                0x0000000008005a8c                RCC_PLLCmd
                0x0000000008005aac                RCC_PREDIV1Config
                0x0000000008005ae4                RCC_ClockSecuritySystemCmd
                0x0000000008005b04                RCC_MCOConfig
                0x0000000008005b48                RCC_SYSCLKConfig
                0x0000000008005b80                RCC_GetSYSCLKSource
                0x0000000008005ba0                RCC_HCLKConfig
                0x0000000008005bd8                RCC_PCLK1Config
                0x0000000008005c10                RCC_PCLK2Config
                0x0000000008005c4c                RCC_GetClocksFreq
                0x000000000800619c                RCC_ADCCLKConfig
                0x00000000080061ec                RCC_I2CCLKConfig
                0x0000000008006254                RCC_TIMCLKConfig
                0x0000000008006320                RCC_HRTIM1CLKConfig
                0x0000000008006350                RCC_USARTCLKConfig
                0x00000000080063e8                RCC_USBCLKConfig
                0x0000000008006408                RCC_RTCCLKConfig
                0x000000000800642c                RCC_I2SCLKConfig
                0x000000000800644c                RCC_RTCCLKCmd
                0x000000000800646c                RCC_BackupResetCmd
                0x000000000800648c                RCC_AHBPeriphClockCmd
                0x00000000080064cc                RCC_APB2PeriphClockCmd
                0x000000000800650c                RCC_APB1PeriphClockCmd
                0x000000000800654c                RCC_AHBPeriphResetCmd
                0x000000000800658c                RCC_APB2PeriphResetCmd
                0x00000000080065cc                RCC_APB1PeriphResetCmd
                0x000000000800660c                RCC_ITConfig
                0x0000000008006658                RCC_GetFlagStatus
                0x00000000080066dc                RCC_ClearFlag
                0x00000000080066fc                RCC_GetITStatus
                0x0000000008006734                RCC_ClearITPendingBit
 .text          0x0000000008006754      0x3b0 STM32F30x_StdPeriph_Driver/src/stm32f30x_syscfg.o
                0x0000000008006754                SYSCFG_DeInit
                0x00000000080067b0                SYSCFG_MemoryRemapConfig
                0x00000000080067e8                SYSCFG_DMAChannelRemapConfig
                0x0000000008006850                SYSCFG_TriggerRemapConfig
                0x00000000080068b8                SYSCFG_EncoderRemapConfig
                0x00000000080068e8                SYSCFG_USBInterruptLineRemapCmd
                0x0000000008006908                SYSCFG_I2CFastModePlusConfig
                0x0000000008006948                SYSCFG_ITConfig
                0x0000000008006988                SYSCFG_EXTILineConfig
                0x0000000008006a0c                SYSCFG_BreakConfig
                0x0000000008006a30                SYSCFG_BypassParityCheckDisable
                0x0000000008006a48                SYSCFG_ADCTriggerRemapConfig
                0x0000000008006a88                SYSCFG_SRAMWRPEnable
                0x0000000008006aac                SYSCFG_GetFlagStatus
                0x0000000008006ae0                SYSCFG_ClearFlag
 .text          0x0000000008006b04     0x20c8 STM32F30x_StdPeriph_Driver/src/stm32f30x_tim.o
                0x0000000008006b04                TIM_DeInit
                0x0000000008006c70                TIM_TimeBaseInit
                0x0000000008006d70                TIM_TimeBaseStructInit
                0x0000000008006da4                TIM_PrescalerConfig
                0x0000000008006dcc                TIM_CounterModeConfig
                0x0000000008006e04                TIM_SetCounter
                0x0000000008006e20                TIM_SetAutoreload
                0x0000000008006e3c                TIM_GetCounter
                0x0000000008006e54                TIM_GetPrescaler
                0x0000000008006e6e                TIM_UpdateDisableConfig
                0x0000000008006eae                TIM_UpdateRequestConfig
                0x0000000008006eee                TIM_UIFRemap
                0x0000000008006f2e                TIM_ARRPreloadConfig
                0x0000000008006f6e                TIM_SelectOnePulseMode
                0x0000000008006fa6                TIM_SetClockDivision
                0x0000000008006fde                TIM_Cmd
                0x000000000800701e                TIM_OC1Init
                0x0000000008007144                TIM_OC2Init
                0x0000000008007248                TIM_OC3Init
                0x0000000008007344                TIM_OC4Init
                0x0000000008007408                TIM_OC5Init
                0x00000000080074c0                TIM_OC6Init
                0x0000000008007570                TIM_SelectGC5C1
                0x00000000080075a8                TIM_SelectGC5C2
                0x00000000080075e0                TIM_SelectGC5C3
                0x0000000008007618                TIM_OCStructInit
                0x000000000800765c                TIM_SelectOCxM
                0x0000000008007704                TIM_SetCompare1
                0x0000000008007720                TIM_SetCompare2
                0x000000000800773c                TIM_SetCompare3
                0x0000000008007758                TIM_SetCompare4
                0x0000000008007774                TIM_SetCompare5
                0x0000000008007790                TIM_SetCompare6
                0x00000000080077ac                TIM_ForcedOC1Config
                0x00000000080077e8                TIM_ForcedOC2Config
                0x0000000008007826                TIM_ForcedOC3Config
                0x000000000800785e                TIM_ForcedOC4Config
                0x0000000008007898                TIM_ForcedOC5Config
                0x00000000080078d0                TIM_ForcedOC6Config
                0x000000000800790a                TIM_OC1PreloadConfig
                0x0000000008007942                TIM_OC2PreloadConfig
                0x000000000800797c                TIM_OC3PreloadConfig
                0x00000000080079b4                TIM_OC4PreloadConfig
                0x00000000080079ee                TIM_OC5PreloadConfig
                0x0000000008007a26                TIM_OC6PreloadConfig
                0x0000000008007a60                TIM_OC1FastConfig
                0x0000000008007a98                TIM_OC2FastConfig
                0x0000000008007ad2                TIM_OC3FastConfig
                0x0000000008007b0a                TIM_OC4FastConfig
                0x0000000008007b44                TIM_ClearOC1Ref
                0x0000000008007b7c                TIM_ClearOC2Ref
                0x0000000008007bb6                TIM_ClearOC3Ref
                0x0000000008007bee                TIM_ClearOC4Ref
                0x0000000008007c28                TIM_ClearOC5Ref
                0x0000000008007c60                TIM_ClearOC6Ref
                0x0000000008007c9a                TIM_SelectOCREFClear
                0x0000000008007ccc                TIM_OC1PolarityConfig
                0x0000000008007d04                TIM_OC1NPolarityConfig
                0x0000000008007d3c                TIM_OC2PolarityConfig
                0x0000000008007d76                TIM_OC2NPolarityConfig
                0x0000000008007db0                TIM_OC3PolarityConfig
                0x0000000008007dea                TIM_OC3NPolarityConfig
                0x0000000008007e24                TIM_OC4PolarityConfig
                0x0000000008007e5e                TIM_OC5PolarityConfig
                0x0000000008007e98                TIM_OC6PolarityConfig
                0x0000000008007ed2                TIM_CCxCmd
                0x0000000008007f1c                TIM_CCxNCmd
                0x0000000008007f66                TIM_ICInit
                0x000000000800800e                TIM_ICStructInit
                0x0000000008008040                TIM_PWMIConfig
                0x00000000080080f8                TIM_GetCapture1
                0x0000000008008110                TIM_GetCapture2
                0x0000000008008128                TIM_GetCapture3
                0x0000000008008140                TIM_GetCapture4
                0x0000000008008158                TIM_SetIC1Prescaler
                0x0000000008008188                TIM_SetIC2Prescaler
                0x00000000080081ba                TIM_SetIC3Prescaler
                0x00000000080081ec                TIM_SetIC4Prescaler
                0x0000000008008222                TIM_BDTRConfig
                0x0000000008008272                TIM_Break1Config
                0x00000000080082aa                TIM_Break2Config
                0x00000000080082e2                TIM_Break1Cmd
                0x000000000800831a                TIM_Break2Cmd
                0x0000000008008352                TIM_BDTRStructInit
                0x0000000008008390                TIM_CtrlPWMOutputs
                0x00000000080083c8                TIM_SelectCOM
                0x0000000008008402                TIM_CCPreloadControl
                0x000000000800843c                TIM_ITConfig
                0x000000000800847c                TIM_GenerateEvent
                0x000000000800849a                TIM_GetFlagStatus
                0x00000000080084cc                TIM_ClearFlag
                0x00000000080084f0                TIM_GetITStatus
                0x0000000008008544                TIM_ClearITPendingBit
                0x0000000008008568                TIM_DMAConfig
                0x0000000008008592                TIM_DMACmd
                0x00000000080085d2                TIM_SelectCCDMA
                0x000000000800860c                TIM_InternalClockConfig
                0x000000000800862e                TIM_ITRxExternalClockConfig
                0x0000000008008658                TIM_TIxExternalClockConfig
                0x00000000080086b0                TIM_ETRClockMode1Config
                0x000000000800870e                TIM_ETRClockMode2Config
                0x0000000008008748                TIM_SelectInputTrigger
                0x0000000008008780                TIM_SelectOutputTrigger
                0x00000000080087b2                TIM_SelectOutputTrigger2
                0x00000000080087e0                TIM_SelectSlaveMode
                0x0000000008008812                TIM_SelectMasterSlaveMode
                0x0000000008008844                TIM_ETRConfig
                0x0000000008008898                TIM_EncoderInterfaceConfig
                0x0000000008008930                TIM_SelectHallSensor
                0x000000000800896a                TIM_RemapConfig
 .text          0x0000000008008bcc      0x140 STM32F30x_StdPeriph_Driver/src/stm32f30x_wwdg.o
                0x0000000008008bcc                WWDG_DeInit
                0x0000000008008be8                WWDG_SetPrescaler
                0x0000000008008c1c                WWDG_SetWindowValue
                0x0000000008008c58                WWDG_EnableIT
                0x0000000008008c78                WWDG_SetCounter
                0x0000000008008c9c                WWDG_Enable
                0x0000000008008cc4                WWDG_GetFlagStatus
                0x0000000008008cf4                WWDG_ClearFlag
 .text          0x0000000008008d0c       0x64 src/main.o
                0x0000000008008d0c                main
 .text          0x0000000008008d70        0x0 /home/v_v/opt/atollic/ARMTools/bin/../lib/gcc/arm-atollic-eabi/6.3.1/../../../../arm-atollic-eabi/lib/armv7e-m/fpu/libc_nano.a(lib_a-init.o)
 .text          0x0000000008008d70        0x0 /home/v_v/opt/atollic/ARMTools/bin/../lib/gcc/arm-atollic-eabi/6.3.1/armv7e-m/fpu/crtend.o
 .text          0x0000000008008d70        0x0 /home/v_v/opt/atollic/ARMTools/bin/../lib/gcc/arm-atollic-eabi/6.3.1/armv7e-m/fpu/crtn.o
 *(.text*)
 .text.Reset_Handler
                0x0000000008008d70       0x50 CMSIS/Device/ST/STM32F30x/Source/Templates/TrueSTUDIO/startup_stm32f302x8.o
                0x0000000008008d70                Reset_Handler
 .text.Default_Handler
                0x0000000008008dc0        0x2 CMSIS/Device/ST/STM32F30x/Source/Templates/TrueSTUDIO/startup_stm32f302x8.o
                0x0000000008008dc0                RTC_Alarm_IRQHandler
                0x0000000008008dc0                DebugMon_Handler
                0x0000000008008dc0                TIM1_CC_IRQHandler
                0x0000000008008dc0                HardFault_Handler
                0x0000000008008dc0                USB_HP_IRQHandler
                0x0000000008008dc0                SysTick_Handler
                0x0000000008008dc0                PVD_IRQHandler
                0x0000000008008dc0                PendSV_Handler
                0x0000000008008dc0                NMI_Handler
                0x0000000008008dc0                EXTI3_IRQHandler
                0x0000000008008dc0                I2C3_ER_IRQHandler
                0x0000000008008dc0                EXTI0_IRQHandler
                0x0000000008008dc0                I2C2_EV_IRQHandler
                0x0000000008008dc0                FPU_IRQHandler
                0x0000000008008dc0                EXTI2_TS_IRQHandler
                0x0000000008008dc0                TIM1_UP_TIM16_IRQHandler
                0x0000000008008dc0                UsageFault_Handler
                0x0000000008008dc0                TIM6_DAC_IRQHandler
                0x0000000008008dc0                DMA1_Channel4_IRQHandler
                0x0000000008008dc0                ADC1_IRQHandler
                0x0000000008008dc0                USART3_IRQHandler
                0x0000000008008dc0                DMA1_Channel7_IRQHandler
                0x0000000008008dc0                CAN1_RX1_IRQHandler
                0x0000000008008dc0                I2C1_EV_IRQHandler
                0x0000000008008dc0                DMA1_Channel6_IRQHandler
                0x0000000008008dc0                RCC_IRQHandler
                0x0000000008008dc0                DMA1_Channel1_IRQHandler
                0x0000000008008dc0                Default_Handler
                0x0000000008008dc0                USBWakeUp_RMP_IRQHandler
                0x0000000008008dc0                EXTI15_10_IRQHandler
                0x0000000008008dc0                COMP2_IRQHandler
                0x0000000008008dc0                I2C3_EV_IRQHandler
                0x0000000008008dc0                EXTI9_5_IRQHandler
                0x0000000008008dc0                TAMPER_STAMP_IRQHandler
                0x0000000008008dc0                RTC_WKUP_IRQHandler
                0x0000000008008dc0                SPI2_IRQHandler
                0x0000000008008dc0                MemManage_Handler
                0x0000000008008dc0                SVC_Handler
                0x0000000008008dc0                DMA1_Channel5_IRQHandler
                0x0000000008008dc0                USB_LP_IRQHandler
                0x0000000008008dc0                EXTI4_IRQHandler
                0x0000000008008dc0                USB_LP_CAN1_RX0_IRQHandler
                0x0000000008008dc0                TIM1_TRG_COM_TIM17_IRQHandler
                0x0000000008008dc0                USB_HP_CAN1_TX_IRQHandler
                0x0000000008008dc0                DMA1_Channel3_IRQHandler
                0x0000000008008dc0                WWDG_IRQHandler
                0x0000000008008dc0                TIM2_IRQHandler
                0x0000000008008dc0                EXTI1_IRQHandler
                0x0000000008008dc0                COMP4_6_IRQHandler
                0x0000000008008dc0                USART2_IRQHandler
                0x0000000008008dc0                I2C2_ER_IRQHandler
                0x0000000008008dc0                DMA1_Channel2_IRQHandler
                0x0000000008008dc0                CAN1_SCE_IRQHandler
                0x0000000008008dc0                FLASH_IRQHandler
                0x0000000008008dc0                BusFault_Handler
                0x0000000008008dc0                USART1_IRQHandler
                0x0000000008008dc0                SPI3_IRQHandler
                0x0000000008008dc0                I2C1_ER_IRQHandler
                0x0000000008008dc0                USBWakeUp_IRQHandler
                0x0000000008008dc0                TIM1_BRK_TIM15_IRQHandler
 *fill*         0x0000000008008dc2        0x2 
 .text.__libc_init_array
                0x0000000008008dc4       0x48 /home/v_v/opt/atollic/ARMTools/bin/../lib/gcc/arm-atollic-eabi/6.3.1/../../../../arm-atollic-eabi/lib/armv7e-m/fpu/libc_nano.a(lib_a-init.o)
                0x0000000008008dc4                __libc_init_array
 *(.glue_7)
 .glue_7        0x0000000008008e0c        0x0 linker stubs
 *(.glue_7t)
 .glue_7t       0x0000000008008e0c        0x0 linker stubs
 *(.eh_frame)
 .eh_frame      0x0000000008008e0c        0x0 /home/v_v/opt/atollic/ARMTools/bin/../lib/gcc/arm-atollic-eabi/6.3.1/armv7e-m/fpu/crtbegin.o
 .eh_frame      0x0000000008008e0c        0x4 /home/v_v/opt/atollic/ARMTools/bin/../lib/gcc/arm-atollic-eabi/6.3.1/armv7e-m/fpu/crtend.o
 *(.init)
 .init          0x0000000008008e10        0x4 /home/v_v/opt/atollic/ARMTools/bin/../lib/gcc/arm-atollic-eabi/6.3.1/armv7e-m/fpu/crti.o
                0x0000000008008e10                _init
 .init          0x0000000008008e14        0x8 /home/v_v/opt/atollic/ARMTools/bin/../lib/gcc/arm-atollic-eabi/6.3.1/armv7e-m/fpu/crtn.o
 *(.fini)
 .fini          0x0000000008008e1c        0x4 /home/v_v/opt/atollic/ARMTools/bin/../lib/gcc/arm-atollic-eabi/6.3.1/armv7e-m/fpu/crti.o
                0x0000000008008e1c                _fini
 .fini          0x0000000008008e20        0x8 /home/v_v/opt/atollic/ARMTools/bin/../lib/gcc/arm-atollic-eabi/6.3.1/armv7e-m/fpu/crtn.o
                0x0000000008008e28                . = ALIGN (0x4)
                0x0000000008008e28                _etext = .

.vfp11_veneer   0x0000000008008e28        0x0
 .vfp11_veneer  0x0000000008008e28        0x0 linker stubs

.v4_bx          0x0000000008008e28        0x0
 .v4_bx         0x0000000008008e28        0x0 linker stubs

.iplt           0x0000000008008e28        0x0
 .iplt          0x0000000008008e28        0x0 /home/v_v/opt/atollic/ARMTools/bin/../lib/gcc/arm-atollic-eabi/6.3.1/armv7e-m/fpu/crtbegin.o

.rel.dyn        0x0000000008008e28        0x0
 .rel.iplt      0x0000000008008e28        0x0 /home/v_v/opt/atollic/ARMTools/bin/../lib/gcc/arm-atollic-eabi/6.3.1/armv7e-m/fpu/crtbegin.o

.rodata         0x0000000008008e28        0x0
                0x0000000008008e28                . = ALIGN (0x4)
 *(.rodata)
 *(.rodata*)
                0x0000000008008e28                . = ALIGN (0x4)

.ARM.extab
 *(.ARM.extab* .gnu.linkonce.armextab.*)

.ARM            0x0000000008008e28        0x0
                0x0000000008008e28                __exidx_start = .
 *(.ARM.exidx*)
                0x0000000008008e28                __exidx_end = .

.preinit_array  0x0000000008008e28        0x0
                0x0000000008008e28                PROVIDE (__preinit_array_start, .)
 *(.preinit_array*)
                0x0000000008008e28                PROVIDE (__preinit_array_end, .)

.init_array     0x0000000008008e28        0x4
                0x0000000008008e28                PROVIDE (__init_array_start, .)
 *(SORT(.init_array.*))
 *(.init_array*)
 .init_array    0x0000000008008e28        0x4 /home/v_v/opt/atollic/ARMTools/bin/../lib/gcc/arm-atollic-eabi/6.3.1/armv7e-m/fpu/crtbegin.o
                0x0000000008008e2c                PROVIDE (__init_array_end, .)

.fini_array     0x0000000008008e2c        0x4
                [!provide]                        PROVIDE (__fini_array_start, .)
 *(SORT(.fini_array.*))
 *(.fini_array*)
 .fini_array    0x0000000008008e2c        0x4 /home/v_v/opt/atollic/ARMTools/bin/../lib/gcc/arm-atollic-eabi/6.3.1/armv7e-m/fpu/crtbegin.o
                [!provide]                        PROVIDE (__fini_array_end, .)
                0x0000000008008e30                _sidata = LOADADDR (.data)

.data           0x0000000020000000       0x60 load address 0x0000000008008e30
                0x0000000020000000                . = ALIGN (0x4)
                0x0000000020000000                _sdata = .
 *(.data)
 .data          0x0000000020000000        0x0 /home/v_v/opt/atollic/ARMTools/bin/../lib/gcc/arm-atollic-eabi/6.3.1/armv7e-m/fpu/crti.o
 .data          0x0000000020000000        0x4 /home/v_v/opt/atollic/ARMTools/bin/../lib/gcc/arm-atollic-eabi/6.3.1/armv7e-m/fpu/crtbegin.o
                0x0000000020000000                __dso_handle
 .data          0x0000000020000004        0x0 CMSIS/Device/ST/STM32F30x/Source/Templates/TrueSTUDIO/startup_stm32f302x8.o
 .data          0x0000000020000004       0x14 CMSIS/Device/ST/STM32F30x/Source/system_stm32f30x.o
                0x0000000020000004                SystemCoreClock
                0x0000000020000008                AHBPrescTable
 .data          0x0000000020000018        0x0 STM32F30x_StdPeriph_Driver/src/stm32f30x_dac.o
 .data          0x0000000020000018        0x0 STM32F30x_StdPeriph_Driver/src/stm32f30x_exti.o
 .data          0x0000000020000018        0x0 STM32F30x_StdPeriph_Driver/src/stm32f30x_flash.o
 .data          0x0000000020000018        0x0 STM32F30x_StdPeriph_Driver/src/stm32f30x_fmc.o
 .data          0x0000000020000018        0x0 STM32F30x_StdPeriph_Driver/src/stm32f30x_gpio.o
 .data          0x0000000020000018       0x18 STM32F30x_StdPeriph_Driver/src/stm32f30x_hrtim.o
 .data          0x0000000020000030        0x0 STM32F30x_StdPeriph_Driver/src/stm32f30x_iwdg.o
 .data          0x0000000020000030        0x0 STM32F30x_StdPeriph_Driver/src/stm32f30x_misc.o
 .data          0x0000000020000030        0x0 STM32F30x_StdPeriph_Driver/src/stm32f30x_opamp.o
 .data          0x0000000020000030        0x0 STM32F30x_StdPeriph_Driver/src/stm32f30x_pwr.o
 .data          0x0000000020000030       0x30 STM32F30x_StdPeriph_Driver/src/stm32f30x_rcc.o
 .data          0x0000000020000060        0x0 STM32F30x_StdPeriph_Driver/src/stm32f30x_syscfg.o
 .data          0x0000000020000060        0x0 STM32F30x_StdPeriph_Driver/src/stm32f30x_tim.o
 .data          0x0000000020000060        0x0 STM32F30x_StdPeriph_Driver/src/stm32f30x_wwdg.o
 .data          0x0000000020000060        0x0 src/main.o
 .data          0x0000000020000060        0x0 /home/v_v/opt/atollic/ARMTools/bin/../lib/gcc/arm-atollic-eabi/6.3.1/../../../../arm-atollic-eabi/lib/armv7e-m/fpu/libc_nano.a(lib_a-init.o)
 .data          0x0000000020000060        0x0 /home/v_v/opt/atollic/ARMTools/bin/../lib/gcc/arm-atollic-eabi/6.3.1/armv7e-m/fpu/crtend.o
 .data          0x0000000020000060        0x0 /home/v_v/opt/atollic/ARMTools/bin/../lib/gcc/arm-atollic-eabi/6.3.1/armv7e-m/fpu/crtn.o
 *(.data*)
                0x0000000020000060                . = ALIGN (0x4)
                0x0000000020000060                _edata = .
                0x0000000008008e90                _siccmram = LOADADDR (.ccmram)

.igot.plt       0x0000000020000060        0x0 load address 0x0000000008008e90
 .igot.plt      0x0000000020000060        0x0 /home/v_v/opt/atollic/ARMTools/bin/../lib/gcc/arm-atollic-eabi/6.3.1/armv7e-m/fpu/crtbegin.o

.ccmram         0x0000000010000000        0x0 load address 0x0000000008008e90
                0x0000000010000000                . = ALIGN (0x4)
                0x0000000010000000                _sccmram = .
 *(.ccmram)
 *(.ccmram*)
                0x0000000010000000                . = ALIGN (0x4)
                0x0000000010000000                _eccmram = .
                0x0000000010000000                . = ALIGN (0x4)

.bss            0x0000000020000060       0x1c
                0x0000000020000060                _sbss = .
                0x0000000020000060                __bss_start__ = _sbss
 *(.bss)
 .bss           0x0000000020000060        0x0 /home/v_v/opt/atollic/ARMTools/bin/../lib/gcc/arm-atollic-eabi/6.3.1/armv7e-m/fpu/crti.o
 .bss           0x0000000020000060       0x1c /home/v_v/opt/atollic/ARMTools/bin/../lib/gcc/arm-atollic-eabi/6.3.1/armv7e-m/fpu/crtbegin.o
 .bss           0x000000002000007c        0x0 CMSIS/Device/ST/STM32F30x/Source/Templates/TrueSTUDIO/startup_stm32f302x8.o
 .bss           0x000000002000007c        0x0 CMSIS/Device/ST/STM32F30x/Source/system_stm32f30x.o
 .bss           0x000000002000007c        0x0 STM32F30x_StdPeriph_Driver/src/stm32f30x_dac.o
 .bss           0x000000002000007c        0x0 STM32F30x_StdPeriph_Driver/src/stm32f30x_exti.o
 .bss           0x000000002000007c        0x0 STM32F30x_StdPeriph_Driver/src/stm32f30x_flash.o
 .bss           0x000000002000007c        0x0 STM32F30x_StdPeriph_Driver/src/stm32f30x_fmc.o
 .bss           0x000000002000007c        0x0 STM32F30x_StdPeriph_Driver/src/stm32f30x_gpio.o
 .bss           0x000000002000007c        0x0 STM32F30x_StdPeriph_Driver/src/stm32f30x_hrtim.o
 .bss           0x000000002000007c        0x0 STM32F30x_StdPeriph_Driver/src/stm32f30x_iwdg.o
 .bss           0x000000002000007c        0x0 STM32F30x_StdPeriph_Driver/src/stm32f30x_misc.o
 .bss           0x000000002000007c        0x0 STM32F30x_StdPeriph_Driver/src/stm32f30x_opamp.o
 .bss           0x000000002000007c        0x0 STM32F30x_StdPeriph_Driver/src/stm32f30x_pwr.o
 .bss           0x000000002000007c        0x0 STM32F30x_StdPeriph_Driver/src/stm32f30x_rcc.o
 .bss           0x000000002000007c        0x0 STM32F30x_StdPeriph_Driver/src/stm32f30x_syscfg.o
 .bss           0x000000002000007c        0x0 STM32F30x_StdPeriph_Driver/src/stm32f30x_tim.o
 .bss           0x000000002000007c        0x0 STM32F30x_StdPeriph_Driver/src/stm32f30x_wwdg.o
 .bss           0x000000002000007c        0x0 src/main.o
 .bss           0x000000002000007c        0x0 /home/v_v/opt/atollic/ARMTools/bin/../lib/gcc/arm-atollic-eabi/6.3.1/../../../../arm-atollic-eabi/lib/armv7e-m/fpu/libc_nano.a(lib_a-init.o)
 .bss           0x000000002000007c        0x0 /home/v_v/opt/atollic/ARMTools/bin/../lib/gcc/arm-atollic-eabi/6.3.1/armv7e-m/fpu/crtend.o
 .bss           0x000000002000007c        0x0 /home/v_v/opt/atollic/ARMTools/bin/../lib/gcc/arm-atollic-eabi/6.3.1/armv7e-m/fpu/crtn.o
 *(.bss*)
 *(COMMON)
                0x000000002000007c                . = ALIGN (0x4)
                0x000000002000007c                _ebss = .
                0x000000002000007c                __bss_end__ = _ebss

._user_heap_stack
                0x000000002000007c       0x80
                0x000000002000007c                . = ALIGN (0x4)
                [!provide]                        PROVIDE (end, .)
                [!provide]                        PROVIDE (_end, .)
                0x000000002000007c                . = (. + _Min_Heap_Size)
                0x00000000200000fc                . = (. + _Min_Stack_Size)
 *fill*         0x000000002000007c       0x80 
                0x00000000200000fc                . = ALIGN (0x4)

.memory_b1_text
 *(.mb1text)
 *(.mb1text*)
 *(.mb1rodata)
 *(.mb1rodata*)

/DISCARD/
 libc.a(*)
 libm.a(*)
 libgcc.a(*)

.ARM.attributes
                0x0000000000000000       0x30
 *(.ARM.attributes)
 .ARM.attributes
                0x0000000000000000       0x22 /home/v_v/opt/atollic/ARMTools/bin/../lib/gcc/arm-atollic-eabi/6.3.1/armv7e-m/fpu/crti.o
 .ARM.attributes
                0x0000000000000022       0x34 /home/v_v/opt/atollic/ARMTools/bin/../lib/gcc/arm-atollic-eabi/6.3.1/armv7e-m/fpu/crtbegin.o
 .ARM.attributes
                0x0000000000000056       0x21 CMSIS/Device/ST/STM32F30x/Source/Templates/TrueSTUDIO/startup_stm32f302x8.o
 .ARM.attributes
                0x0000000000000077       0x39 CMSIS/Device/ST/STM32F30x/Source/system_stm32f30x.o
 .ARM.attributes
                0x00000000000000b0       0x39 STM32F30x_StdPeriph_Driver/src/stm32f30x_dac.o
 .ARM.attributes
                0x00000000000000e9       0x39 STM32F30x_StdPeriph_Driver/src/stm32f30x_exti.o
 .ARM.attributes
                0x0000000000000122       0x39 STM32F30x_StdPeriph_Driver/src/stm32f30x_flash.o
 .ARM.attributes
                0x000000000000015b       0x39 STM32F30x_StdPeriph_Driver/src/stm32f30x_fmc.o
 .ARM.attributes
                0x0000000000000194       0x39 STM32F30x_StdPeriph_Driver/src/stm32f30x_gpio.o
 .ARM.attributes
                0x00000000000001cd       0x39 STM32F30x_StdPeriph_Driver/src/stm32f30x_hrtim.o
 .ARM.attributes
                0x0000000000000206       0x39 STM32F30x_StdPeriph_Driver/src/stm32f30x_iwdg.o
 .ARM.attributes
                0x000000000000023f       0x39 STM32F30x_StdPeriph_Driver/src/stm32f30x_misc.o
 .ARM.attributes
                0x0000000000000278       0x39 STM32F30x_StdPeriph_Driver/src/stm32f30x_opamp.o
 .ARM.attributes
                0x00000000000002b1       0x39 STM32F30x_StdPeriph_Driver/src/stm32f30x_pwr.o
 .ARM.attributes
                0x00000000000002ea       0x39 STM32F30x_StdPeriph_Driver/src/stm32f30x_rcc.o
 .ARM.attributes
                0x0000000000000323       0x39 STM32F30x_StdPeriph_Driver/src/stm32f30x_syscfg.o
 .ARM.attributes
                0x000000000000035c       0x39 STM32F30x_StdPeriph_Driver/src/stm32f30x_tim.o
 .ARM.attributes
                0x0000000000000395       0x39 STM32F30x_StdPeriph_Driver/src/stm32f30x_wwdg.o
 .ARM.attributes
                0x00000000000003ce       0x39 src/main.o
 .ARM.attributes
                0x0000000000000407       0x34 /home/v_v/opt/atollic/ARMTools/bin/../lib/gcc/arm-atollic-eabi/6.3.1/../../../../arm-atollic-eabi/lib/armv7e-m/fpu/libc_nano.a(lib_a-init.o)
 .ARM.attributes
                0x000000000000043b       0x34 /home/v_v/opt/atollic/ARMTools/bin/../lib/gcc/arm-atollic-eabi/6.3.1/armv7e-m/fpu/crtend.o
 .ARM.attributes
                0x000000000000046f       0x22 /home/v_v/opt/atollic/ARMTools/bin/../lib/gcc/arm-atollic-eabi/6.3.1/armv7e-m/fpu/crtn.o
OUTPUT(exampleProject.elf elf32-littlearm)

.debug_line     0x0000000000000000     0x35e6
 .debug_line    0x0000000000000000       0xad CMSIS/Device/ST/STM32F30x/Source/Templates/TrueSTUDIO/startup_stm32f302x8.o
 .debug_line    0x00000000000000ad      0x217 CMSIS/Device/ST/STM32F30x/Source/system_stm32f30x.o
 .debug_line    0x00000000000002c4      0x2aa STM32F30x_StdPeriph_Driver/src/stm32f30x_dac.o
 .debug_line    0x000000000000056e      0x26d STM32F30x_StdPeriph_Driver/src/stm32f30x_exti.o
 .debug_line    0x00000000000007db      0x36f STM32F30x_StdPeriph_Driver/src/stm32f30x_flash.o
 .debug_line    0x0000000000000b4a      0x3c0 STM32F30x_StdPeriph_Driver/src/stm32f30x_fmc.o
 .debug_line    0x0000000000000f0a      0x2ca STM32F30x_StdPeriph_Driver/src/stm32f30x_gpio.o
 .debug_line    0x00000000000011d4      0x9c2 STM32F30x_StdPeriph_Driver/src/stm32f30x_hrtim.o
 .debug_line    0x0000000000001b96      0x1d9 STM32F30x_StdPeriph_Driver/src/stm32f30x_iwdg.o
 .debug_line    0x0000000000001d6f      0x23e STM32F30x_StdPeriph_Driver/src/stm32f30x_misc.o
 .debug_line    0x0000000000001fad      0x281 STM32F30x_StdPeriph_Driver/src/stm32f30x_opamp.o
 .debug_line    0x000000000000222e      0x236 STM32F30x_StdPeriph_Driver/src/stm32f30x_pwr.o
 .debug_line    0x0000000000002464      0x43a STM32F30x_StdPeriph_Driver/src/stm32f30x_rcc.o
 .debug_line    0x000000000000289e      0x241 STM32F30x_StdPeriph_Driver/src/stm32f30x_syscfg.o
 .debug_line    0x0000000000002adf      0x719 STM32F30x_StdPeriph_Driver/src/stm32f30x_tim.o
 .debug_line    0x00000000000031f8      0x1e3 STM32F30x_StdPeriph_Driver/src/stm32f30x_wwdg.o
 .debug_line    0x00000000000033db      0x20b src/main.o

.debug_info     0x0000000000000000     0x93a5
 .debug_info    0x0000000000000000       0xa3 CMSIS/Device/ST/STM32F30x/Source/Templates/TrueSTUDIO/startup_stm32f302x8.o
 .debug_info    0x00000000000000a3      0x4c6 CMSIS/Device/ST/STM32F30x/Source/system_stm32f30x.o
 .debug_info    0x0000000000000569      0x749 STM32F30x_StdPeriph_Driver/src/stm32f30x_dac.o
 .debug_info    0x0000000000000cb2      0x3c4 STM32F30x_StdPeriph_Driver/src/stm32f30x_exti.o
 .debug_info    0x0000000000001076      0x800 STM32F30x_StdPeriph_Driver/src/stm32f30x_flash.o
 .debug_info    0x0000000000001876      0x8f2 STM32F30x_StdPeriph_Driver/src/stm32f30x_fmc.o
 .debug_info    0x0000000000002168      0x62f STM32F30x_StdPeriph_Driver/src/stm32f30x_gpio.o
 .debug_info    0x0000000000002797     0x2299 STM32F30x_StdPeriph_Driver/src/stm32f30x_hrtim.o
 .debug_info    0x0000000000004a30      0x24b STM32F30x_StdPeriph_Driver/src/stm32f30x_iwdg.o
 .debug_info    0x0000000000004c7b      0x54d STM32F30x_StdPeriph_Driver/src/stm32f30x_misc.o
 .debug_info    0x00000000000051c8      0x44b STM32F30x_StdPeriph_Driver/src/stm32f30x_opamp.o
 .debug_info    0x0000000000005613      0x533 STM32F30x_StdPeriph_Driver/src/stm32f30x_pwr.o
 .debug_info    0x0000000000005b46      0xb7f STM32F30x_StdPeriph_Driver/src/stm32f30x_rcc.o
 .debug_info    0x00000000000066c5      0x4ca STM32F30x_StdPeriph_Driver/src/stm32f30x_syscfg.o
 .debug_info    0x0000000000006b8f     0x2197 STM32F30x_StdPeriph_Driver/src/stm32f30x_tim.o
 .debug_info    0x0000000000008d26      0x271 STM32F30x_StdPeriph_Driver/src/stm32f30x_wwdg.o
 .debug_info    0x0000000000008f97      0x40e src/main.o

.debug_abbrev   0x0000000000000000     0x18bd
 .debug_abbrev  0x0000000000000000       0x12 CMSIS/Device/ST/STM32F30x/Source/Templates/TrueSTUDIO/startup_stm32f302x8.o
 .debug_abbrev  0x0000000000000012      0x167 CMSIS/Device/ST/STM32F30x/Source/system_stm32f30x.o
 .debug_abbrev  0x0000000000000179      0x191 STM32F30x_StdPeriph_Driver/src/stm32f30x_dac.o
 .debug_abbrev  0x000000000000030a      0x191 STM32F30x_StdPeriph_Driver/src/stm32f30x_exti.o
 .debug_abbrev  0x000000000000049b      0x1e1 STM32F30x_StdPeriph_Driver/src/stm32f30x_flash.o
 .debug_abbrev  0x000000000000067c      0x19d STM32F30x_StdPeriph_Driver/src/stm32f30x_fmc.o
 .debug_abbrev  0x0000000000000819      0x1b8 STM32F30x_StdPeriph_Driver/src/stm32f30x_gpio.o
 .debug_abbrev  0x00000000000009d1      0x1c8 STM32F30x_StdPeriph_Driver/src/stm32f30x_hrtim.o
 .debug_abbrev  0x0000000000000b99      0x13d STM32F30x_StdPeriph_Driver/src/stm32f30x_iwdg.o
 .debug_abbrev  0x0000000000000cd6      0x172 STM32F30x_StdPeriph_Driver/src/stm32f30x_misc.o
 .debug_abbrev  0x0000000000000e48      0x14e STM32F30x_StdPeriph_Driver/src/stm32f30x_opamp.o
 .debug_abbrev  0x0000000000000f96      0x194 STM32F30x_StdPeriph_Driver/src/stm32f30x_pwr.o
 .debug_abbrev  0x000000000000112a      0x1f8 STM32F30x_StdPeriph_Driver/src/stm32f30x_rcc.o
 .debug_abbrev  0x0000000000001322      0x196 STM32F30x_StdPeriph_Driver/src/stm32f30x_syscfg.o
 .debug_abbrev  0x00000000000014b8      0x19a STM32F30x_StdPeriph_Driver/src/stm32f30x_tim.o
 .debug_abbrev  0x0000000000001652      0x155 STM32F30x_StdPeriph_Driver/src/stm32f30x_wwdg.o
 .debug_abbrev  0x00000000000017a7      0x116 src/main.o

.debug_aranges  0x0000000000000000      0x228
 .debug_aranges
                0x0000000000000000       0x28 CMSIS/Device/ST/STM32F30x/Source/Templates/TrueSTUDIO/startup_stm32f302x8.o
 .debug_aranges
                0x0000000000000028       0x20 CMSIS/Device/ST/STM32F30x/Source/system_stm32f30x.o
 .debug_aranges
                0x0000000000000048       0x20 STM32F30x_StdPeriph_Driver/src/stm32f30x_dac.o
 .debug_aranges
                0x0000000000000068       0x20 STM32F30x_StdPeriph_Driver/src/stm32f30x_exti.o
 .debug_aranges
                0x0000000000000088       0x20 STM32F30x_StdPeriph_Driver/src/stm32f30x_flash.o
 .debug_aranges
                0x00000000000000a8       0x20 STM32F30x_StdPeriph_Driver/src/stm32f30x_fmc.o
 .debug_aranges
                0x00000000000000c8       0x20 STM32F30x_StdPeriph_Driver/src/stm32f30x_gpio.o
 .debug_aranges
                0x00000000000000e8       0x20 STM32F30x_StdPeriph_Driver/src/stm32f30x_hrtim.o
 .debug_aranges
                0x0000000000000108       0x20 STM32F30x_StdPeriph_Driver/src/stm32f30x_iwdg.o
 .debug_aranges
                0x0000000000000128       0x20 STM32F30x_StdPeriph_Driver/src/stm32f30x_misc.o
 .debug_aranges
                0x0000000000000148       0x20 STM32F30x_StdPeriph_Driver/src/stm32f30x_opamp.o
 .debug_aranges
                0x0000000000000168       0x20 STM32F30x_StdPeriph_Driver/src/stm32f30x_pwr.o
 .debug_aranges
                0x0000000000000188       0x20 STM32F30x_StdPeriph_Driver/src/stm32f30x_rcc.o
 .debug_aranges
                0x00000000000001a8       0x20 STM32F30x_StdPeriph_Driver/src/stm32f30x_syscfg.o
 .debug_aranges
                0x00000000000001c8       0x20 STM32F30x_StdPeriph_Driver/src/stm32f30x_tim.o
 .debug_aranges
                0x00000000000001e8       0x20 STM32F30x_StdPeriph_Driver/src/stm32f30x_wwdg.o
 .debug_aranges
                0x0000000000000208       0x20 src/main.o

.debug_ranges   0x0000000000000000       0x20
 .debug_ranges  0x0000000000000000       0x20 CMSIS/Device/ST/STM32F30x/Source/Templates/TrueSTUDIO/startup_stm32f302x8.o

.debug_str      0x0000000000000000     0x4211
 .debug_str     0x0000000000000000      0x2e5 CMSIS/Device/ST/STM32F30x/Source/system_stm32f30x.o
                                        0x354 (size before relaxing)
 .debug_str     0x00000000000002e5      0x2c1 STM32F30x_StdPeriph_Driver/src/stm32f30x_dac.o
                                        0x4a9 (size before relaxing)
 .debug_str     0x00000000000005a6      0x1e7 STM32F30x_StdPeriph_Driver/src/stm32f30x_exti.o
                                        0x3cd (size before relaxing)
 .debug_str     0x000000000000078d      0x39b STM32F30x_StdPeriph_Driver/src/stm32f30x_flash.o
                                        0x605 (size before relaxing)
 .debug_str     0x0000000000000b28      0x57f STM32F30x_StdPeriph_Driver/src/stm32f30x_fmc.o
                                        0x781 (size before relaxing)
 .debug_str     0x00000000000010a7      0x2f3 STM32F30x_StdPeriph_Driver/src/stm32f30x_gpio.o
                                        0x500 (size before relaxing)
 .debug_str     0x000000000000139a     0x118d STM32F30x_StdPeriph_Driver/src/stm32f30x_hrtim.o
                                       0x1485 (size before relaxing)
 .debug_str     0x0000000000002527       0xea STM32F30x_StdPeriph_Driver/src/stm32f30x_iwdg.o
                                        0x2e1 (size before relaxing)
 .debug_str     0x0000000000002611      0x1d9 STM32F30x_StdPeriph_Driver/src/stm32f30x_misc.o
                                        0x428 (size before relaxing)
 .debug_str     0x00000000000027ea      0x22b STM32F30x_StdPeriph_Driver/src/stm32f30x_opamp.o
                                        0x3fd (size before relaxing)
 .debug_str     0x0000000000002a15      0x147 STM32F30x_StdPeriph_Driver/src/stm32f30x_pwr.o
                                        0x3b8 (size before relaxing)
 .debug_str     0x0000000000002b5c      0x63b STM32F30x_StdPeriph_Driver/src/stm32f30x_rcc.o
                                        0x916 (size before relaxing)
 .debug_str     0x0000000000003197      0x2df STM32F30x_StdPeriph_Driver/src/stm32f30x_syscfg.o
                                        0x515 (size before relaxing)
 .debug_str     0x0000000000003476      0xc96 STM32F30x_StdPeriph_Driver/src/stm32f30x_tim.o
                                        0xfd1 (size before relaxing)
 .debug_str     0x000000000000410c       0xcd STM32F30x_StdPeriph_Driver/src/stm32f30x_wwdg.o
                                        0x2db (size before relaxing)
 .debug_str     0x00000000000041d9       0x38 src/main.o
                                        0x45e (size before relaxing)

.comment        0x0000000000000000       0x7c
 .comment       0x0000000000000000       0x7c CMSIS/Device/ST/STM32F30x/Source/system_stm32f30x.o
                                         0x7d (size before relaxing)
 .comment       0x000000000000007c       0x7d STM32F30x_StdPeriph_Driver/src/stm32f30x_dac.o
 .comment       0x000000000000007c       0x7d STM32F30x_StdPeriph_Driver/src/stm32f30x_exti.o
 .comment       0x000000000000007c       0x7d STM32F30x_StdPeriph_Driver/src/stm32f30x_flash.o
 .comment       0x000000000000007c       0x7d STM32F30x_StdPeriph_Driver/src/stm32f30x_fmc.o
 .comment       0x000000000000007c       0x7d STM32F30x_StdPeriph_Driver/src/stm32f30x_gpio.o
 .comment       0x000000000000007c       0x7d STM32F30x_StdPeriph_Driver/src/stm32f30x_hrtim.o
 .comment       0x000000000000007c       0x7d STM32F30x_StdPeriph_Driver/src/stm32f30x_iwdg.o
 .comment       0x000000000000007c       0x7d STM32F30x_StdPeriph_Driver/src/stm32f30x_misc.o
 .comment       0x000000000000007c       0x7d STM32F30x_StdPeriph_Driver/src/stm32f30x_opamp.o
 .comment       0x000000000000007c       0x7d STM32F30x_StdPeriph_Driver/src/stm32f30x_pwr.o
 .comment       0x000000000000007c       0x7d STM32F30x_StdPeriph_Driver/src/stm32f30x_rcc.o
 .comment       0x000000000000007c       0x7d STM32F30x_StdPeriph_Driver/src/stm32f30x_syscfg.o
 .comment       0x000000000000007c       0x7d STM32F30x_StdPeriph_Driver/src/stm32f30x_tim.o
 .comment       0x000000000000007c       0x7d STM32F30x_StdPeriph_Driver/src/stm32f30x_wwdg.o
 .comment       0x000000000000007c       0x7d src/main.o

.debug_frame    0x0000000000000000     0x3b10
 .debug_frame   0x0000000000000000       0x7c CMSIS/Device/ST/STM32F30x/Source/system_stm32f30x.o
 .debug_frame   0x000000000000007c      0x2b4 STM32F30x_StdPeriph_Driver/src/stm32f30x_dac.o
 .debug_frame   0x0000000000000330      0x148 STM32F30x_StdPeriph_Driver/src/stm32f30x_exti.o
 .debug_frame   0x0000000000000478      0x428 STM32F30x_StdPeriph_Driver/src/stm32f30x_flash.o
 .debug_frame   0x00000000000008a0      0x300 STM32F30x_StdPeriph_Driver/src/stm32f30x_fmc.o
 .debug_frame   0x0000000000000ba0      0x214 STM32F30x_StdPeriph_Driver/src/stm32f30x_gpio.o
 .debug_frame   0x0000000000000db4      0xb98 STM32F30x_StdPeriph_Driver/src/stm32f30x_hrtim.o
 .debug_frame   0x000000000000194c      0x118 STM32F30x_StdPeriph_Driver/src/stm32f30x_iwdg.o
 .debug_frame   0x0000000000001a64       0xd8 STM32F30x_StdPeriph_Driver/src/stm32f30x_misc.o
 .debug_frame   0x0000000000001b3c      0x268 STM32F30x_StdPeriph_Driver/src/stm32f30x_opamp.o
 .debug_frame   0x0000000000001da4      0x18c STM32F30x_StdPeriph_Driver/src/stm32f30x_pwr.o
 .debug_frame   0x0000000000001f30      0x634 STM32F30x_StdPeriph_Driver/src/stm32f30x_rcc.o
 .debug_frame   0x0000000000002564      0x258 STM32F30x_StdPeriph_Driver/src/stm32f30x_syscfg.o
 .debug_frame   0x00000000000027bc     0x11c4 STM32F30x_StdPeriph_Driver/src/stm32f30x_tim.o
 .debug_frame   0x0000000000003980      0x134 STM32F30x_StdPeriph_Driver/src/stm32f30x_wwdg.o
 .debug_frame   0x0000000000003ab4       0x30 src/main.o
 .debug_frame   0x0000000000003ae4       0x2c /home/v_v/opt/atollic/ARMTools/bin/../lib/gcc/arm-atollic-eabi/6.3.1/../../../../arm-atollic-eabi/lib/armv7e-m/fpu/libc_nano.a(lib_a-init.o)

Cross Reference Table

Symbol                                            File
ADC1_IRQHandler                                   CMSIS/Device/ST/STM32F30x/Source/Templates/TrueSTUDIO/startup_stm32f302x8.o
AHBPrescTable                                     CMSIS/Device/ST/STM32F30x/Source/system_stm32f30x.o
BusFault_Handler                                  CMSIS/Device/ST/STM32F30x/Source/Templates/TrueSTUDIO/startup_stm32f302x8.o
CAN1_RX1_IRQHandler                               CMSIS/Device/ST/STM32F30x/Source/Templates/TrueSTUDIO/startup_stm32f302x8.o
CAN1_SCE_IRQHandler                               CMSIS/Device/ST/STM32F30x/Source/Templates/TrueSTUDIO/startup_stm32f302x8.o
COMP2_IRQHandler                                  CMSIS/Device/ST/STM32F30x/Source/Templates/TrueSTUDIO/startup_stm32f302x8.o
COMP4_6_IRQHandler                                CMSIS/Device/ST/STM32F30x/Source/Templates/TrueSTUDIO/startup_stm32f302x8.o
DAC_ClearFlag                                     STM32F30x_StdPeriph_Driver/src/stm32f30x_dac.o
DAC_ClearITPendingBit                             STM32F30x_StdPeriph_Driver/src/stm32f30x_dac.o
DAC_Cmd                                           STM32F30x_StdPeriph_Driver/src/stm32f30x_dac.o
                                                  src/main.o
DAC_DMACmd                                        STM32F30x_StdPeriph_Driver/src/stm32f30x_dac.o
DAC_DeInit                                        STM32F30x_StdPeriph_Driver/src/stm32f30x_dac.o
DAC_DualSoftwareTriggerCmd                        STM32F30x_StdPeriph_Driver/src/stm32f30x_dac.o
DAC_GetDataOutputValue                            STM32F30x_StdPeriph_Driver/src/stm32f30x_dac.o
DAC_GetFlagStatus                                 STM32F30x_StdPeriph_Driver/src/stm32f30x_dac.o
DAC_GetITStatus                                   STM32F30x_StdPeriph_Driver/src/stm32f30x_dac.o
DAC_ITConfig                                      STM32F30x_StdPeriph_Driver/src/stm32f30x_dac.o
DAC_Init                                          STM32F30x_StdPeriph_Driver/src/stm32f30x_dac.o
                                                  src/main.o
DAC_SetChannel1Data                               STM32F30x_StdPeriph_Driver/src/stm32f30x_dac.o
                                                  src/main.o
DAC_SetChannel2Data                               STM32F30x_StdPeriph_Driver/src/stm32f30x_dac.o
DAC_SetDualChannelData                            STM32F30x_StdPeriph_Driver/src/stm32f30x_dac.o
DAC_SoftwareTriggerCmd                            STM32F30x_StdPeriph_Driver/src/stm32f30x_dac.o
DAC_StructInit                                    STM32F30x_StdPeriph_Driver/src/stm32f30x_dac.o
                                                  src/main.o
DAC_WaveGenerationCmd                             STM32F30x_StdPeriph_Driver/src/stm32f30x_dac.o
DMA1_Channel1_IRQHandler                          CMSIS/Device/ST/STM32F30x/Source/Templates/TrueSTUDIO/startup_stm32f302x8.o
DMA1_Channel2_IRQHandler                          CMSIS/Device/ST/STM32F30x/Source/Templates/TrueSTUDIO/startup_stm32f302x8.o
DMA1_Channel3_IRQHandler                          CMSIS/Device/ST/STM32F30x/Source/Templates/TrueSTUDIO/startup_stm32f302x8.o
DMA1_Channel4_IRQHandler                          CMSIS/Device/ST/STM32F30x/Source/Templates/TrueSTUDIO/startup_stm32f302x8.o
DMA1_Channel5_IRQHandler                          CMSIS/Device/ST/STM32F30x/Source/Templates/TrueSTUDIO/startup_stm32f302x8.o
DMA1_Channel6_IRQHandler                          CMSIS/Device/ST/STM32F30x/Source/Templates/TrueSTUDIO/startup_stm32f302x8.o
DMA1_Channel7_IRQHandler                          CMSIS/Device/ST/STM32F30x/Source/Templates/TrueSTUDIO/startup_stm32f302x8.o
DebugMon_Handler                                  CMSIS/Device/ST/STM32F30x/Source/Templates/TrueSTUDIO/startup_stm32f302x8.o
Default_Handler                                   CMSIS/Device/ST/STM32F30x/Source/Templates/TrueSTUDIO/startup_stm32f302x8.o
EXTI0_IRQHandler                                  CMSIS/Device/ST/STM32F30x/Source/Templates/TrueSTUDIO/startup_stm32f302x8.o
EXTI15_10_IRQHandler                              CMSIS/Device/ST/STM32F30x/Source/Templates/TrueSTUDIO/startup_stm32f302x8.o
EXTI1_IRQHandler                                  CMSIS/Device/ST/STM32F30x/Source/Templates/TrueSTUDIO/startup_stm32f302x8.o
EXTI2_TS_IRQHandler                               CMSIS/Device/ST/STM32F30x/Source/Templates/TrueSTUDIO/startup_stm32f302x8.o
EXTI3_IRQHandler                                  CMSIS/Device/ST/STM32F30x/Source/Templates/TrueSTUDIO/startup_stm32f302x8.o
EXTI4_IRQHandler                                  CMSIS/Device/ST/STM32F30x/Source/Templates/TrueSTUDIO/startup_stm32f302x8.o
EXTI9_5_IRQHandler                                CMSIS/Device/ST/STM32F30x/Source/Templates/TrueSTUDIO/startup_stm32f302x8.o
EXTI_ClearFlag                                    STM32F30x_StdPeriph_Driver/src/stm32f30x_exti.o
EXTI_ClearITPendingBit                            STM32F30x_StdPeriph_Driver/src/stm32f30x_exti.o
EXTI_DeInit                                       STM32F30x_StdPeriph_Driver/src/stm32f30x_exti.o
EXTI_GenerateSWInterrupt                          STM32F30x_StdPeriph_Driver/src/stm32f30x_exti.o
EXTI_GetFlagStatus                                STM32F30x_StdPeriph_Driver/src/stm32f30x_exti.o
EXTI_GetITStatus                                  STM32F30x_StdPeriph_Driver/src/stm32f30x_exti.o
EXTI_Init                                         STM32F30x_StdPeriph_Driver/src/stm32f30x_exti.o
EXTI_StructInit                                   STM32F30x_StdPeriph_Driver/src/stm32f30x_exti.o
FLASH_ClearFlag                                   STM32F30x_StdPeriph_Driver/src/stm32f30x_flash.o
FLASH_EraseAllPages                               STM32F30x_StdPeriph_Driver/src/stm32f30x_flash.o
FLASH_ErasePage                                   STM32F30x_StdPeriph_Driver/src/stm32f30x_flash.o
FLASH_GetFlagStatus                               STM32F30x_StdPeriph_Driver/src/stm32f30x_flash.o
FLASH_GetStatus                                   STM32F30x_StdPeriph_Driver/src/stm32f30x_flash.o
FLASH_HalfCycleAccessCmd                          STM32F30x_StdPeriph_Driver/src/stm32f30x_flash.o
FLASH_IRQHandler                                  CMSIS/Device/ST/STM32F30x/Source/Templates/TrueSTUDIO/startup_stm32f302x8.o
FLASH_ITConfig                                    STM32F30x_StdPeriph_Driver/src/stm32f30x_flash.o
FLASH_Lock                                        STM32F30x_StdPeriph_Driver/src/stm32f30x_flash.o
FLASH_OB_BOOTConfig                               STM32F30x_StdPeriph_Driver/src/stm32f30x_flash.o
FLASH_OB_EnableWRP                                STM32F30x_StdPeriph_Driver/src/stm32f30x_flash.o
FLASH_OB_Erase                                    STM32F30x_StdPeriph_Driver/src/stm32f30x_flash.o
FLASH_OB_GetRDP                                   STM32F30x_StdPeriph_Driver/src/stm32f30x_flash.o
FLASH_OB_GetUser                                  STM32F30x_StdPeriph_Driver/src/stm32f30x_flash.o
FLASH_OB_GetWRP                                   STM32F30x_StdPeriph_Driver/src/stm32f30x_flash.o
FLASH_OB_Launch                                   STM32F30x_StdPeriph_Driver/src/stm32f30x_flash.o
FLASH_OB_Lock                                     STM32F30x_StdPeriph_Driver/src/stm32f30x_flash.o
FLASH_OB_RDPConfig                                STM32F30x_StdPeriph_Driver/src/stm32f30x_flash.o
FLASH_OB_SRAMParityConfig                         STM32F30x_StdPeriph_Driver/src/stm32f30x_flash.o
FLASH_OB_Unlock                                   STM32F30x_StdPeriph_Driver/src/stm32f30x_flash.o
FLASH_OB_UserConfig                               STM32F30x_StdPeriph_Driver/src/stm32f30x_flash.o
FLASH_OB_VDDAConfig                               STM32F30x_StdPeriph_Driver/src/stm32f30x_flash.o
FLASH_OB_WriteUser                                STM32F30x_StdPeriph_Driver/src/stm32f30x_flash.o
FLASH_PrefetchBufferCmd                           STM32F30x_StdPeriph_Driver/src/stm32f30x_flash.o
FLASH_ProgramHalfWord                             STM32F30x_StdPeriph_Driver/src/stm32f30x_flash.o
FLASH_ProgramOptionByteData                       STM32F30x_StdPeriph_Driver/src/stm32f30x_flash.o
FLASH_ProgramWord                                 STM32F30x_StdPeriph_Driver/src/stm32f30x_flash.o
FLASH_SetLatency                                  STM32F30x_StdPeriph_Driver/src/stm32f30x_flash.o
FLASH_Unlock                                      STM32F30x_StdPeriph_Driver/src/stm32f30x_flash.o
FLASH_WaitForLastOperation                        STM32F30x_StdPeriph_Driver/src/stm32f30x_flash.o
FMC_ClearFlag                                     STM32F30x_StdPeriph_Driver/src/stm32f30x_fmc.o
FMC_ClearITPendingBit                             STM32F30x_StdPeriph_Driver/src/stm32f30x_fmc.o
FMC_GetECC                                        STM32F30x_StdPeriph_Driver/src/stm32f30x_fmc.o
FMC_GetFlagStatus                                 STM32F30x_StdPeriph_Driver/src/stm32f30x_fmc.o
FMC_GetITStatus                                   STM32F30x_StdPeriph_Driver/src/stm32f30x_fmc.o
FMC_ITConfig                                      STM32F30x_StdPeriph_Driver/src/stm32f30x_fmc.o
FMC_NANDCmd                                       STM32F30x_StdPeriph_Driver/src/stm32f30x_fmc.o
FMC_NANDDeInit                                    STM32F30x_StdPeriph_Driver/src/stm32f30x_fmc.o
FMC_NANDECCCmd                                    STM32F30x_StdPeriph_Driver/src/stm32f30x_fmc.o
FMC_NANDInit                                      STM32F30x_StdPeriph_Driver/src/stm32f30x_fmc.o
FMC_NANDStructInit                                STM32F30x_StdPeriph_Driver/src/stm32f30x_fmc.o
FMC_NORSRAMCmd                                    STM32F30x_StdPeriph_Driver/src/stm32f30x_fmc.o
FMC_NORSRAMDeInit                                 STM32F30x_StdPeriph_Driver/src/stm32f30x_fmc.o
FMC_NORSRAMInit                                   STM32F30x_StdPeriph_Driver/src/stm32f30x_fmc.o
FMC_NORSRAMStructInit                             STM32F30x_StdPeriph_Driver/src/stm32f30x_fmc.o
FMC_PCCARDCmd                                     STM32F30x_StdPeriph_Driver/src/stm32f30x_fmc.o
FMC_PCCARDDeInit                                  STM32F30x_StdPeriph_Driver/src/stm32f30x_fmc.o
FMC_PCCARDInit                                    STM32F30x_StdPeriph_Driver/src/stm32f30x_fmc.o
FMC_PCCARDStructInit                              STM32F30x_StdPeriph_Driver/src/stm32f30x_fmc.o
FPU_IRQHandler                                    CMSIS/Device/ST/STM32F30x/Source/Templates/TrueSTUDIO/startup_stm32f302x8.o
GPIO_DeInit                                       STM32F30x_StdPeriph_Driver/src/stm32f30x_gpio.o
GPIO_Init                                         STM32F30x_StdPeriph_Driver/src/stm32f30x_gpio.o
                                                  src/main.o
GPIO_PinAFConfig                                  STM32F30x_StdPeriph_Driver/src/stm32f30x_gpio.o
GPIO_PinLockConfig                                STM32F30x_StdPeriph_Driver/src/stm32f30x_gpio.o
GPIO_ReadInputData                                STM32F30x_StdPeriph_Driver/src/stm32f30x_gpio.o
GPIO_ReadInputDataBit                             STM32F30x_StdPeriph_Driver/src/stm32f30x_gpio.o
GPIO_ReadOutputData                               STM32F30x_StdPeriph_Driver/src/stm32f30x_gpio.o
GPIO_ReadOutputDataBit                            STM32F30x_StdPeriph_Driver/src/stm32f30x_gpio.o
GPIO_ResetBits                                    STM32F30x_StdPeriph_Driver/src/stm32f30x_gpio.o
GPIO_SetBits                                      STM32F30x_StdPeriph_Driver/src/stm32f30x_gpio.o
GPIO_StructInit                                   STM32F30x_StdPeriph_Driver/src/stm32f30x_gpio.o
GPIO_Write                                        STM32F30x_StdPeriph_Driver/src/stm32f30x_gpio.o
GPIO_WriteBit                                     STM32F30x_StdPeriph_Driver/src/stm32f30x_gpio.o
HRTIM_ADCTriggerConfig                            STM32F30x_StdPeriph_Driver/src/stm32f30x_hrtim.o
HRTIM_BurstDMAConfig                              STM32F30x_StdPeriph_Driver/src/stm32f30x_hrtim.o
HRTIM_BurstModeConfig                             STM32F30x_StdPeriph_Driver/src/stm32f30x_hrtim.o
HRTIM_BurstModeCtl                                STM32F30x_StdPeriph_Driver/src/stm32f30x_hrtim.o
HRTIM_ChopperModeConfig                           STM32F30x_StdPeriph_Driver/src/stm32f30x_hrtim.o
HRTIM_ClearCommonFlag                             STM32F30x_StdPeriph_Driver/src/stm32f30x_hrtim.o
HRTIM_ClearCommonITPendingBit                     STM32F30x_StdPeriph_Driver/src/stm32f30x_hrtim.o
HRTIM_ClearFlag                                   STM32F30x_StdPeriph_Driver/src/stm32f30x_hrtim.o
HRTIM_ClearITPendingBit                           STM32F30x_StdPeriph_Driver/src/stm32f30x_hrtim.o
HRTIM_DLLCalibrationStart                         STM32F30x_StdPeriph_Driver/src/stm32f30x_hrtim.o
HRTIM_DMACmd                                      STM32F30x_StdPeriph_Driver/src/stm32f30x_hrtim.o
HRTIM_DeadTimeConfig                              STM32F30x_StdPeriph_Driver/src/stm32f30x_hrtim.o
HRTIM_EventConfig                                 STM32F30x_StdPeriph_Driver/src/stm32f30x_hrtim.o
HRTIM_EventPrescalerConfig                        STM32F30x_StdPeriph_Driver/src/stm32f30x_hrtim.o
HRTIM_FaultConfig                                 STM32F30x_StdPeriph_Driver/src/stm32f30x_hrtim.o
HRTIM_FaultModeCtl                                STM32F30x_StdPeriph_Driver/src/stm32f30x_hrtim.o
HRTIM_FaultPrescalerConfig                        STM32F30x_StdPeriph_Driver/src/stm32f30x_hrtim.o
HRTIM_GetBurstStatus                              STM32F30x_StdPeriph_Driver/src/stm32f30x_hrtim.o
HRTIM_GetCapturedValue                            STM32F30x_StdPeriph_Driver/src/stm32f30x_hrtim.o
HRTIM_GetCommonFlagStatus                         STM32F30x_StdPeriph_Driver/src/stm32f30x_hrtim.o
HRTIM_GetCommonITStatus                           STM32F30x_StdPeriph_Driver/src/stm32f30x_hrtim.o
HRTIM_GetCurrentPushPullStatus                    STM32F30x_StdPeriph_Driver/src/stm32f30x_hrtim.o
HRTIM_GetDelayedProtectionStatus                  STM32F30x_StdPeriph_Driver/src/stm32f30x_hrtim.o
HRTIM_GetFlagStatus                               STM32F30x_StdPeriph_Driver/src/stm32f30x_hrtim.o
HRTIM_GetITStatus                                 STM32F30x_StdPeriph_Driver/src/stm32f30x_hrtim.o
HRTIM_GetIdlePushPullStatus                       STM32F30x_StdPeriph_Driver/src/stm32f30x_hrtim.o
HRTIM_ITCommonConfig                              STM32F30x_StdPeriph_Driver/src/stm32f30x_hrtim.o
HRTIM_ITConfig                                    STM32F30x_StdPeriph_Driver/src/stm32f30x_hrtim.o
HRTIM_MasterSetCompare                            STM32F30x_StdPeriph_Driver/src/stm32f30x_hrtim.o
HRTIM_SimpleBaseStart                             STM32F30x_StdPeriph_Driver/src/stm32f30x_hrtim.o
HRTIM_SimpleBaseStop                              STM32F30x_StdPeriph_Driver/src/stm32f30x_hrtim.o
HRTIM_SimpleBase_Init                             STM32F30x_StdPeriph_Driver/src/stm32f30x_hrtim.o
HRTIM_SimpleCaptureChannelConfig                  STM32F30x_StdPeriph_Driver/src/stm32f30x_hrtim.o
HRTIM_SimpleCaptureStart                          STM32F30x_StdPeriph_Driver/src/stm32f30x_hrtim.o
HRTIM_SimpleCaptureStop                           STM32F30x_StdPeriph_Driver/src/stm32f30x_hrtim.o
HRTIM_SimpleCapture_Init                          STM32F30x_StdPeriph_Driver/src/stm32f30x_hrtim.o
HRTIM_SimpleOCChannelConfig                       STM32F30x_StdPeriph_Driver/src/stm32f30x_hrtim.o
HRTIM_SimpleOCStart                               STM32F30x_StdPeriph_Driver/src/stm32f30x_hrtim.o
HRTIM_SimpleOCStop                                STM32F30x_StdPeriph_Driver/src/stm32f30x_hrtim.o
HRTIM_SimpleOC_Init                               STM32F30x_StdPeriph_Driver/src/stm32f30x_hrtim.o
HRTIM_SimpleOnePulseChannelConfig                 STM32F30x_StdPeriph_Driver/src/stm32f30x_hrtim.o
HRTIM_SimpleOnePulseStart                         STM32F30x_StdPeriph_Driver/src/stm32f30x_hrtim.o
HRTIM_SimpleOnePulseStop                          STM32F30x_StdPeriph_Driver/src/stm32f30x_hrtim.o
HRTIM_SimpleOnePulse_Init                         STM32F30x_StdPeriph_Driver/src/stm32f30x_hrtim.o
HRTIM_SimplePWMChannelConfig                      STM32F30x_StdPeriph_Driver/src/stm32f30x_hrtim.o
HRTIM_SimplePWMStart                              STM32F30x_StdPeriph_Driver/src/stm32f30x_hrtim.o
HRTIM_SimplePWMStop                               STM32F30x_StdPeriph_Driver/src/stm32f30x_hrtim.o
HRTIM_SimplePWM_Init                              STM32F30x_StdPeriph_Driver/src/stm32f30x_hrtim.o
HRTIM_SlaveSetCompare                             STM32F30x_StdPeriph_Driver/src/stm32f30x_hrtim.o
HRTIM_SoftwareCapture                             STM32F30x_StdPeriph_Driver/src/stm32f30x_hrtim.o
HRTIM_SoftwareReset                               STM32F30x_StdPeriph_Driver/src/stm32f30x_hrtim.o
HRTIM_SoftwareUpdate                              STM32F30x_StdPeriph_Driver/src/stm32f30x_hrtim.o
HRTIM_SynchronizationConfig                       STM32F30x_StdPeriph_Driver/src/stm32f30x_hrtim.o
HRTIM_TimerEventFilteringConfig                   STM32F30x_StdPeriph_Driver/src/stm32f30x_hrtim.o
[...]
RCC_USBCLKConfig                                  STM32F30x_StdPeriph_Driver/src/stm32f30x_rcc.o
RCC_WaitForHSEStartUp                             STM32F30x_StdPeriph_Driver/src/stm32f30x_rcc.o
RTC_Alarm_IRQHandler                              CMSIS/Device/ST/STM32F30x/Source/Templates/TrueSTUDIO/startup_stm32f302x8.o
RTC_WKUP_IRQHandler                               CMSIS/Device/ST/STM32F30x/Source/Templates/TrueSTUDIO/startup_stm32f302x8.o
Reset_Handler                                     CMSIS/Device/ST/STM32F30x/Source/Templates/TrueSTUDIO/startup_stm32f302x8.o
SPI2_IRQHandler                                   CMSIS/Device/ST/STM32F30x/Source/Templates/TrueSTUDIO/startup_stm32f302x8.o
SPI3_IRQHandler                                   CMSIS/Device/ST/STM32F30x/Source/Templates/TrueSTUDIO/startup_stm32f302x8.o
SVC_Handler                                       CMSIS/Device/ST/STM32F30x/Source/Templates/TrueSTUDIO/startup_stm32f302x8.o
SYSCFG_ADCTriggerRemapConfig                      STM32F30x_StdPeriph_Driver/src/stm32f30x_syscfg.o
SYSCFG_BreakConfig                                STM32F30x_StdPeriph_Driver/src/stm32f30x_syscfg.o
SYSCFG_BypassParityCheckDisable                   STM32F30x_StdPeriph_Driver/src/stm32f30x_syscfg.o
SYSCFG_ClearFlag                                  STM32F30x_StdPeriph_Driver/src/stm32f30x_syscfg.o
SYSCFG_DMAChannelRemapConfig                      STM32F30x_StdPeriph_Driver/src/stm32f30x_syscfg.o
SYSCFG_DeInit                                     STM32F30x_StdPeriph_Driver/src/stm32f30x_syscfg.o
SYSCFG_EXTILineConfig                             STM32F30x_StdPeriph_Driver/src/stm32f30x_syscfg.o
SYSCFG_EncoderRemapConfig                         STM32F30x_StdPeriph_Driver/src/stm32f30x_syscfg.o
SYSCFG_GetFlagStatus                              STM32F30x_StdPeriph_Driver/src/stm32f30x_syscfg.o
SYSCFG_I2CFastModePlusConfig                      STM32F30x_StdPeriph_Driver/src/stm32f30x_syscfg.o
SYSCFG_ITConfig                                   STM32F30x_StdPeriph_Driver/src/stm32f30x_syscfg.o
SYSCFG_MemoryRemapConfig                          STM32F30x_StdPeriph_Driver/src/stm32f30x_syscfg.o
SYSCFG_SRAMWRPEnable                              STM32F30x_StdPeriph_Driver/src/stm32f30x_syscfg.o
SYSCFG_TriggerRemapConfig                         STM32F30x_StdPeriph_Driver/src/stm32f30x_syscfg.o
SYSCFG_USBInterruptLineRemapCmd                   STM32F30x_StdPeriph_Driver/src/stm32f30x_syscfg.o
SysTick_CLKSourceConfig                           STM32F30x_StdPeriph_Driver/src/stm32f30x_misc.o
SysTick_Handler                                   CMSIS/Device/ST/STM32F30x/Source/Templates/TrueSTUDIO/startup_stm32f302x8.o
SystemCoreClock                                   CMSIS/Device/ST/STM32F30x/Source/system_stm32f30x.o
SystemCoreClockUpdate                             CMSIS/Device/ST/STM32F30x/Source/system_stm32f30x.o
SystemInit                                        CMSIS/Device/ST/STM32F30x/Source/system_stm32f30x.o
                                                  src/main.o
                                                  CMSIS/Device/ST/STM32F30x/Source/Templates/TrueSTUDIO/startup_stm32f302x8.o
TAMPER_STAMP_IRQHandler                           CMSIS/Device/ST/STM32F30x/Source/Templates/TrueSTUDIO/startup_stm32f302x8.o
TIM1_BRK_TIM15_IRQHandler                         CMSIS/Device/ST/STM32F30x/Source/Templates/TrueSTUDIO/startup_stm32f302x8.o
TIM1_CC_IRQHandler                                CMSIS/Device/ST/STM32F30x/Source/Templates/TrueSTUDIO/startup_stm32f302x8.o
TIM1_TRG_COM_TIM17_IRQHandler                     CMSIS/Device/ST/STM32F30x/Source/Templates/TrueSTUDIO/startup_stm32f302x8.o
TIM1_UP_TIM16_IRQHandler                          CMSIS/Device/ST/STM32F30x/Source/Templates/TrueSTUDIO/startup_stm32f302x8.o
TIM2_IRQHandler                                   CMSIS/Device/ST/STM32F30x/Source/Templates/TrueSTUDIO/startup_stm32f302x8.o
TIM6_DAC_IRQHandler                               CMSIS/Device/ST/STM32F30x/Source/Templates/TrueSTUDIO/startup_stm32f302x8.o
TIM_ARRPreloadConfig                              STM32F30x_StdPeriph_Driver/src/stm32f30x_tim.o
TIM_BDTRConfig                                    STM32F30x_StdPeriph_Driver/src/stm32f30x_tim.o
TIM_BDTRStructInit                                STM32F30x_StdPeriph_Driver/src/stm32f30x_tim.o
TIM_Break1Cmd                                     STM32F30x_StdPeriph_Driver/src/stm32f30x_tim.o
TIM_Break1Config                                  STM32F30x_StdPeriph_Driver/src/stm32f30x_tim.o
TIM_Break2Cmd                                     STM32F30x_StdPeriph_Driver/src/stm32f30x_tim.o
TIM_Break2Config                                  STM32F30x_StdPeriph_Driver/src/stm32f30x_tim.o
TIM_CCPreloadControl                              STM32F30x_StdPeriph_Driver/src/stm32f30x_tim.o
TIM_CCxCmd                                        STM32F30x_StdPeriph_Driver/src/stm32f30x_tim.o
TIM_CCxNCmd                                       STM32F30x_StdPeriph_Driver/src/stm32f30x_tim.o
TIM_ClearFlag                                     STM32F30x_StdPeriph_Driver/src/stm32f30x_tim.o
TIM_ClearITPendingBit                             STM32F30x_StdPeriph_Driver/src/stm32f30x_tim.o
TIM_ClearOC1Ref                                   STM32F30x_StdPeriph_Driver/src/stm32f30x_tim.o
TIM_ClearOC2Ref                                   STM32F30x_StdPeriph_Driver/src/stm32f30x_tim.o
TIM_ClearOC3Ref                                   STM32F30x_StdPeriph_Driver/src/stm32f30x_tim.o
TIM_ClearOC4Ref                                   STM32F30x_StdPeriph_Driver/src/stm32f30x_tim.o
TIM_ClearOC5Ref                                   STM32F30x_StdPeriph_Driver/src/stm32f30x_tim.o
TIM_ClearOC6Ref                                   STM32F30x_StdPeriph_Driver/src/stm32f30x_tim.o
TIM_Cmd                                           STM32F30x_StdPeriph_Driver/src/stm32f30x_tim.o
TIM_CounterModeConfig                             STM32F30x_StdPeriph_Driver/src/stm32f30x_tim.o
TIM_CtrlPWMOutputs                                STM32F30x_StdPeriph_Driver/src/stm32f30x_tim.o
TIM_DMACmd                                        STM32F30x_StdPeriph_Driver/src/stm32f30x_tim.o
TIM_DMAConfig                                     STM32F30x_StdPeriph_Driver/src/stm32f30x_tim.o
TIM_DeInit                                        STM32F30x_StdPeriph_Driver/src/stm32f30x_tim.o
TIM_ETRClockMode1Config                           STM32F30x_StdPeriph_Driver/src/stm32f30x_tim.o
TIM_ETRClockMode2Config                           STM32F30x_StdPeriph_Driver/src/stm32f30x_tim.o
TIM_ETRConfig                                     STM32F30x_StdPeriph_Driver/src/stm32f30x_tim.o
TIM_EncoderInterfaceConfig                        STM32F30x_StdPeriph_Driver/src/stm32f30x_tim.o
TIM_ForcedOC1Config                               STM32F30x_StdPeriph_Driver/src/stm32f30x_tim.o
TIM_ForcedOC2Config                               STM32F30x_StdPeriph_Driver/src/stm32f30x_tim.o
TIM_ForcedOC3Config                               STM32F30x_StdPeriph_Driver/src/stm32f30x_tim.o
TIM_ForcedOC4Config                               STM32F30x_StdPeriph_Driver/src/stm32f30x_tim.o
TIM_ForcedOC5Config                               STM32F30x_StdPeriph_Driver/src/stm32f30x_tim.o
TIM_ForcedOC6Config                               STM32F30x_StdPeriph_Driver/src/stm32f30x_tim.o
TIM_GenerateEvent                                 STM32F30x_StdPeriph_Driver/src/stm32f30x_tim.o
TIM_GetCapture1                                   STM32F30x_StdPeriph_Driver/src/stm32f30x_tim.o
TIM_GetCapture2                                   STM32F30x_StdPeriph_Driver/src/stm32f30x_tim.o
TIM_GetCapture3                                   STM32F30x_StdPeriph_Driver/src/stm32f30x_tim.o
TIM_GetCapture4                                   STM32F30x_StdPeriph_Driver/src/stm32f30x_tim.o
TIM_GetCounter                                    STM32F30x_StdPeriph_Driver/src/stm32f30x_tim.o
TIM_GetFlagStatus                                 STM32F30x_StdPeriph_Driver/src/stm32f30x_tim.o
TIM_GetITStatus                                   STM32F30x_StdPeriph_Driver/src/stm32f30x_tim.o
TIM_GetPrescaler                                  STM32F30x_StdPeriph_Driver/src/stm32f30x_tim.o
TIM_ICInit                                        STM32F30x_StdPeriph_Driver/src/stm32f30x_tim.o
TIM_ICStructInit                                  STM32F30x_StdPeriph_Driver/src/stm32f30x_tim.o
TIM_ITConfig                                      STM32F30x_StdPeriph_Driver/src/stm32f30x_tim.o
TIM_ITRxExternalClockConfig                       STM32F30x_StdPeriph_Driver/src/stm32f30x_tim.o
TIM_InternalClockConfig                           STM32F30x_StdPeriph_Driver/src/stm32f30x_tim.o
TIM_OC1FastConfig                                 STM32F30x_StdPeriph_Driver/src/stm32f30x_tim.o
TIM_OC1Init                                       STM32F30x_StdPeriph_Driver/src/stm32f30x_tim.o
TIM_OC1NPolarityConfig                            STM32F30x_StdPeriph_Driver/src/stm32f30x_tim.o
TIM_OC1PolarityConfig                             STM32F30x_StdPeriph_Driver/src/stm32f30x_tim.o
TIM_OC1PreloadConfig                              STM32F30x_StdPeriph_Driver/src/stm32f30x_tim.o
TIM_OC2FastConfig                                 STM32F30x_StdPeriph_Driver/src/stm32f30x_tim.o
TIM_OC2Init                                       STM32F30x_StdPeriph_Driver/src/stm32f30x_tim.o
TIM_OC2NPolarityConfig                            STM32F30x_StdPeriph_Driver/src/stm32f30x_tim.o
TIM_OC2PolarityConfig                             STM32F30x_StdPeriph_Driver/src/stm32f30x_tim.o
TIM_OC2PreloadConfig                              STM32F30x_StdPeriph_Driver/src/stm32f30x_tim.o
TIM_OC3FastConfig                                 STM32F30x_StdPeriph_Driver/src/stm32f30x_tim.o
TIM_OC3Init                                       STM32F30x_StdPeriph_Driver/src/stm32f30x_tim.o
TIM_OC3NPolarityConfig                            STM32F30x_StdPeriph_Driver/src/stm32f30x_tim.o
TIM_OC3PolarityConfig                             STM32F30x_StdPeriph_Driver/src/stm32f30x_tim.o
TIM_OC3PreloadConfig                              STM32F30x_StdPeriph_Driver/src/stm32f30x_tim.o
TIM_OC4FastConfig                                 STM32F30x_StdPeriph_Driver/src/stm32f30x_tim.o
TIM_OC4Init                                       STM32F30x_StdPeriph_Driver/src/stm32f30x_tim.o
TIM_OC4PolarityConfig                             STM32F30x_StdPeriph_Driver/src/stm32f30x_tim.o
TIM_OC4PreloadConfig                              STM32F30x_StdPeriph_Driver/src/stm32f30x_tim.o
TIM_OC5Init                                       STM32F30x_StdPeriph_Driver/src/stm32f30x_tim.o
TIM_OC5PolarityConfig                             STM32F30x_StdPeriph_Driver/src/stm32f30x_tim.o
TIM_OC5PreloadConfig                              STM32F30x_StdPeriph_Driver/src/stm32f30x_tim.o
TIM_OC6Init                                       STM32F30x_StdPeriph_Driver/src/stm32f30x_tim.o
TIM_OC6PolarityConfig                             STM32F30x_StdPeriph_Driver/src/stm32f30x_tim.o
TIM_OC6PreloadConfig                              STM32F30x_StdPeriph_Driver/src/stm32f30x_tim.o
TIM_OCStructInit                                  STM32F30x_StdPeriph_Driver/src/stm32f30x_tim.o
TIM_PWMIConfig                                    STM32F30x_StdPeriph_Driver/src/stm32f30x_tim.o
TIM_PrescalerConfig                               STM32F30x_StdPeriph_Driver/src/stm32f30x_tim.o
TIM_RemapConfig                                   STM32F30x_StdPeriph_Driver/src/stm32f30x_tim.o
TIM_SelectCCDMA                                   STM32F30x_StdPeriph_Driver/src/stm32f30x_tim.o
TIM_SelectCOM                                     STM32F30x_StdPeriph_Driver/src/stm32f30x_tim.o
TIM_SelectGC5C1                                   STM32F30x_StdPeriph_Driver/src/stm32f30x_tim.o
TIM_SelectGC5C2                                   STM32F30x_StdPeriph_Driver/src/stm32f30x_tim.o
TIM_SelectGC5C3                                   STM32F30x_StdPeriph_Driver/src/stm32f30x_tim.o
TIM_SelectHallSensor                              STM32F30x_StdPeriph_Driver/src/stm32f30x_tim.o
TIM_SelectInputTrigger                            STM32F30x_StdPeriph_Driver/src/stm32f30x_tim.o
TIM_SelectMasterSlaveMode                         STM32F30x_StdPeriph_Driver/src/stm32f30x_tim.o
TIM_SelectOCREFClear                              STM32F30x_StdPeriph_Driver/src/stm32f30x_tim.o
TIM_SelectOCxM                                    STM32F30x_StdPeriph_Driver/src/stm32f30x_tim.o
TIM_SelectOnePulseMode                            STM32F30x_StdPeriph_Driver/src/stm32f30x_tim.o
TIM_SelectOutputTrigger                           STM32F30x_StdPeriph_Driver/src/stm32f30x_tim.o
TIM_SelectOutputTrigger2                          STM32F30x_StdPeriph_Driver/src/stm32f30x_tim.o
TIM_SelectSlaveMode                               STM32F30x_StdPeriph_Driver/src/stm32f30x_tim.o
TIM_SetAutoreload                                 STM32F30x_StdPeriph_Driver/src/stm32f30x_tim.o
TIM_SetClockDivision                              STM32F30x_StdPeriph_Driver/src/stm32f30x_tim.o
TIM_SetCompare1                                   STM32F30x_StdPeriph_Driver/src/stm32f30x_tim.o
TIM_SetCompare2                                   STM32F30x_StdPeriph_Driver/src/stm32f30x_tim.o
TIM_SetCompare3                                   STM32F30x_StdPeriph_Driver/src/stm32f30x_tim.o
TIM_SetCompare4                                   STM32F30x_StdPeriph_Driver/src/stm32f30x_tim.o
TIM_SetCompare5                                   STM32F30x_StdPeriph_Driver/src/stm32f30x_tim.o
TIM_SetCompare6                                   STM32F30x_StdPeriph_Driver/src/stm32f30x_tim.o
TIM_SetCounter                                    STM32F30x_StdPeriph_Driver/src/stm32f30x_tim.o
TIM_SetIC1Prescaler                               STM32F30x_StdPeriph_Driver/src/stm32f30x_tim.o
TIM_SetIC2Prescaler                               STM32F30x_StdPeriph_Driver/src/stm32f30x_tim.o
TIM_SetIC3Prescaler                               STM32F30x_StdPeriph_Driver/src/stm32f30x_tim.o
TIM_SetIC4Prescaler                               STM32F30x_StdPeriph_Driver/src/stm32f30x_tim.o
TIM_TIxExternalClockConfig                        STM32F30x_StdPeriph_Driver/src/stm32f30x_tim.o
TIM_TimeBaseInit                                  STM32F30x_StdPeriph_Driver/src/stm32f30x_tim.o
TIM_TimeBaseStructInit                            STM32F30x_StdPeriph_Driver/src/stm32f30x_tim.o
TIM_UIFRemap                                      STM32F30x_StdPeriph_Driver/src/stm32f30x_tim.o
TIM_UpdateDisableConfig                           STM32F30x_StdPeriph_Driver/src/stm32f30x_tim.o
TIM_UpdateRequestConfig                           STM32F30x_StdPeriph_Driver/src/stm32f30x_tim.o
USART1_IRQHandler                                 CMSIS/Device/ST/STM32F30x/Source/Templates/TrueSTUDIO/startup_stm32f302x8.o
USART2_IRQHandler                                 CMSIS/Device/ST/STM32F30x/Source/Templates/TrueSTUDIO/startup_stm32f302x8.o
USART3_IRQHandler                                 CMSIS/Device/ST/STM32F30x/Source/Templates/TrueSTUDIO/startup_stm32f302x8.o
USBWakeUp_IRQHandler                              CMSIS/Device/ST/STM32F30x/Source/Templates/TrueSTUDIO/startup_stm32f302x8.o
USBWakeUp_RMP_IRQHandler                          CMSIS/Device/ST/STM32F30x/Source/Templates/TrueSTUDIO/startup_stm32f302x8.o
USB_HP_CAN1_TX_IRQHandler                         CMSIS/Device/ST/STM32F30x/Source/Templates/TrueSTUDIO/startup_stm32f302x8.o
USB_HP_IRQHandler                                 CMSIS/Device/ST/STM32F30x/Source/Templates/TrueSTUDIO/startup_stm32f302x8.o
USB_LP_CAN1_RX0_IRQHandler                        CMSIS/Device/ST/STM32F30x/Source/Templates/TrueSTUDIO/startup_stm32f302x8.o
USB_LP_IRQHandler                                 CMSIS/Device/ST/STM32F30x/Source/Templates/TrueSTUDIO/startup_stm32f302x8.o
UsageFault_Handler                                CMSIS/Device/ST/STM32F30x/Source/Templates/TrueSTUDIO/startup_stm32f302x8.o
WWDG_ClearFlag                                    STM32F30x_StdPeriph_Driver/src/stm32f30x_wwdg.o
WWDG_DeInit                                       STM32F30x_StdPeriph_Driver/src/stm32f30x_wwdg.o
WWDG_Enable                                       STM32F30x_StdPeriph_Driver/src/stm32f30x_wwdg.o
WWDG_EnableIT                                     STM32F30x_StdPeriph_Driver/src/stm32f30x_wwdg.o
WWDG_GetFlagStatus                                STM32F30x_StdPeriph_Driver/src/stm32f30x_wwdg.o
WWDG_IRQHandler                                   CMSIS/Device/ST/STM32F30x/Source/Templates/TrueSTUDIO/startup_stm32f302x8.o
WWDG_SetCounter                                   STM32F30x_StdPeriph_Driver/src/stm32f30x_wwdg.o
WWDG_SetPrescaler                                 STM32F30x_StdPeriph_Driver/src/stm32f30x_wwdg.o
WWDG_SetWindowValue                               STM32F30x_StdPeriph_Driver/src/stm32f30x_wwdg.o
__deregister_frame_info                           /home/v_v/opt/atollic/ARMTools/bin/../lib/gcc/arm-atollic-eabi/6.3.1/armv7e-m/fpu/crtbegin.o
__dso_handle                                      /home/v_v/opt/atollic/ARMTools/bin/../lib/gcc/arm-atollic-eabi/6.3.1/armv7e-m/fpu/crtbegin.o
__init_array_end                                  /home/v_v/opt/atollic/ARMTools/bin/../lib/gcc/arm-atollic-eabi/6.3.1/../../../../arm-atollic-eabi/lib/armv7e-m/fpu/libc_nano.a(lib_a-init.o)
__init_array_start                                /home/v_v/opt/atollic/ARMTools/bin/../lib/gcc/arm-atollic-eabi/6.3.1/../../../../arm-atollic-eabi/lib/armv7e-m/fpu/libc_nano.a(lib_a-init.o)
__libc_init_array                                 /home/v_v/opt/atollic/ARMTools/bin/../lib/gcc/arm-atollic-eabi/6.3.1/../../../../arm-atollic-eabi/lib/armv7e-m/fpu/libc_nano.a(lib_a-init.o)
                                                  CMSIS/Device/ST/STM32F30x/Source/Templates/TrueSTUDIO/startup_stm32f302x8.o
__preinit_array_end                               /home/v_v/opt/atollic/ARMTools/bin/../lib/gcc/arm-atollic-eabi/6.3.1/../../../../arm-atollic-eabi/lib/armv7e-m/fpu/libc_nano.a(lib_a-init.o)
__preinit_array_start                             /home/v_v/opt/atollic/ARMTools/bin/../lib/gcc/arm-atollic-eabi/6.3.1/../../../../arm-atollic-eabi/lib/armv7e-m/fpu/libc_nano.a(lib_a-init.o)
__register_frame_info                             /home/v_v/opt/atollic/ARMTools/bin/../lib/gcc/arm-atollic-eabi/6.3.1/armv7e-m/fpu/crtbegin.o
_ebss                                             CMSIS/Device/ST/STM32F30x/Source/Templates/TrueSTUDIO/startup_stm32f302x8.o
_edata                                            CMSIS/Device/ST/STM32F30x/Source/Templates/TrueSTUDIO/startup_stm32f302x8.o
_estack                                           CMSIS/Device/ST/STM32F30x/Source/Templates/TrueSTUDIO/startup_stm32f302x8.o
_fini                                             /home/v_v/opt/atollic/ARMTools/bin/../lib/gcc/arm-atollic-eabi/6.3.1/armv7e-m/fpu/crti.o
_init                                             /home/v_v/opt/atollic/ARMTools/bin/../lib/gcc/arm-atollic-eabi/6.3.1/armv7e-m/fpu/crti.o
                                                  /home/v_v/opt/atollic/ARMTools/bin/../lib/gcc/arm-atollic-eabi/6.3.1/../../../../arm-atollic-eabi/lib/armv7e-m/fpu/libc_nano.a(lib_a-init.o)
_sbss                                             CMSIS/Device/ST/STM32F30x/Source/Templates/TrueSTUDIO/startup_stm32f302x8.o
_sdata                                            CMSIS/Device/ST/STM32F30x/Source/Templates/TrueSTUDIO/startup_stm32f302x8.o
_sidata                                           CMSIS/Device/ST/STM32F30x/Source/Templates/TrueSTUDIO/startup_stm32f302x8.o
g_pfnVectors                                      CMSIS/Device/ST/STM32F30x/Source/Templates/TrueSTUDIO/startup_stm32f302x8.o
main                                              src/main.o
                                                  CMSIS/Device/ST/STM32F30x/Source/Templates/TrueSTUDIO/startup_stm32f302x8.o
